Component: ARM Compiler 5.06 update 6 (build 750) Tool: armlink [4d35ed]

==============================================================================

Section Cross References

    startup_stm32f401xc.o(RESET) refers to startup_stm32f401xc.o(STACK) for __initial_sp
    startup_stm32f401xc.o(RESET) refers to startup_stm32f401xc.o(.text) for Reset_Handler
    startup_stm32f401xc.o(RESET) refers to stm32f4xx_it.o(i.NMI_Handler) for NMI_Handler
    startup_stm32f401xc.o(RESET) refers to stm32f4xx_it.o(i.HardFault_Handler) for HardFault_Handler
    startup_stm32f401xc.o(RESET) refers to stm32f4xx_it.o(i.MemManage_Handler) for MemManage_Handler
    startup_stm32f401xc.o(RESET) refers to stm32f4xx_it.o(i.BusFault_Handler) for BusFault_Handler
    startup_stm32f401xc.o(RESET) refers to stm32f4xx_it.o(i.UsageFault_Handler) for UsageFault_Handler
    startup_stm32f401xc.o(RESET) refers to stm32f4xx_it.o(i.SVC_Handler) for SVC_Handler
    startup_stm32f401xc.o(RESET) refers to stm32f4xx_it.o(i.DebugMon_Handler) for DebugMon_Handler
    startup_stm32f401xc.o(RESET) refers to stm32f4xx_it.o(i.PendSV_Handler) for PendSV_Handler
    startup_stm32f401xc.o(RESET) refers to stm32f4xx_it.o(i.SysTick_Handler) for SysTick_Handler
    startup_stm32f401xc.o(RESET) refers to stm32f4xx_it.o(i.TIM2_IRQHandler) for TIM2_IRQHandler
    startup_stm32f401xc.o(RESET) refers to stm32f4xx_it.o(i.TIM3_IRQHandler) for TIM3_IRQHandler
    startup_stm32f401xc.o(RESET) refers to stm32f4xx_it.o(i.USART1_IRQHandler) for USART1_IRQHandler
    startup_stm32f401xc.o(RESET) refers to stm32f4xx_it.o(i.DMA2_Stream2_IRQHandler) for DMA2_Stream2_IRQHandler
    startup_stm32f401xc.o(RESET) refers to stm32f4xx_it.o(i.DMA2_Stream7_IRQHandler) for DMA2_Stream7_IRQHandler
    startup_stm32f401xc.o(.text) refers to system_stm32f4xx.o(i.SystemInit) for SystemInit
    startup_stm32f401xc.o(.text) refers to entry.o(.ARM.Collect$$$$00000000) for __main
    main.o(i.SystemClock_Config) refers to memseta.o(.text) for __aeabi_memclr4
    main.o(i.SystemClock_Config) refers to stm32f4xx_hal_rcc.o(i.HAL_RCC_OscConfig) for HAL_RCC_OscConfig
    main.o(i.SystemClock_Config) refers to main.o(i.Error_Handler) for Error_Handler
    main.o(i.SystemClock_Config) refers to stm32f4xx_hal_rcc.o(i.HAL_RCC_ClockConfig) for HAL_RCC_ClockConfig
    main.o(i.main) refers to stm32f4xx_hal.o(i.HAL_Init) for HAL_Init
    main.o(i.main) refers to main.o(i.SystemClock_Config) for SystemClock_Config
    main.o(i.main) refers to gpio.o(i.MX_GPIO_Init) for MX_GPIO_Init
    main.o(i.main) refers to dma.o(i.MX_DMA_Init) for MX_DMA_Init
    main.o(i.main) refers to usart.o(i.MX_USART1_UART_Init) for MX_USART1_UART_Init
    main.o(i.main) refers to tim.o(i.MX_TIM9_Init) for MX_TIM9_Init
    main.o(i.main) refers to tim.o(i.MX_TIM2_Init) for MX_TIM2_Init
    main.o(i.main) refers to tim.o(i.MX_TIM3_Init) for MX_TIM3_Init
    main.o(i.main) refers to i2c.o(i.MX_I2C2_Init) for MX_I2C2_Init
    main.o(i.main) refers to tim.o(i.MX_TIM4_Init) for MX_TIM4_Init
    main.o(i.main) refers to tim.o(i.MX_TIM5_Init) for MX_TIM5_Init
    main.o(i.main) refers to mpu6050.o(i.MPU_Init) for MPU_Init
    main.o(i.main) refers to inv_mpu.o(i.mpu_dmp_init) for mpu_dmp_init
    main.o(i.main) refers to printfa.o(i.__0printf) for __2printf
    main.o(i.main) refers to stm32f4xx_hal_gpio.o(i.HAL_GPIO_WritePin) for HAL_GPIO_WritePin
    main.o(i.main) refers to stm32f4xx_hal_tim.o(i.HAL_TIM_Base_Start_IT) for HAL_TIM_Base_Start_IT
    main.o(i.main) refers to stm32f4xx_hal_tim.o(i.HAL_TIM_Base_Start) for HAL_TIM_Base_Start
    main.o(i.main) refers to stm32f4xx_hal_tim.o(i.HAL_TIM_PWM_Start) for HAL_TIM_PWM_Start
    main.o(i.main) refers to keyboard.o(i.key_scan) for key_scan
    main.o(i.main) refers to task.o(i.task1) for task1
    main.o(i.main) refers to task.o(i.task2) for task2
    main.o(i.main) refers to task.o(i.task3) for task3
    main.o(i.main) refers to task.o(i.task4) for task4
    main.o(i.main) refers to task.o(i.task5) for task5
    main.o(i.main) refers to tim.o(.bss) for htim2
    main.o(i.main) refers to keyboard.o(.data) for key
    gpio.o(i.MX_GPIO_Init) refers to memseta.o(.text) for __aeabi_memclr4
    gpio.o(i.MX_GPIO_Init) refers to stm32f4xx_hal_gpio.o(i.HAL_GPIO_WritePin) for HAL_GPIO_WritePin
    gpio.o(i.MX_GPIO_Init) refers to stm32f4xx_hal_gpio.o(i.HAL_GPIO_Init) for HAL_GPIO_Init
    dma.o(i.MX_DMA_Init) refers to stm32f4xx_hal_cortex.o(i.HAL_NVIC_SetPriority) for HAL_NVIC_SetPriority
    dma.o(i.MX_DMA_Init) refers to stm32f4xx_hal_cortex.o(i.HAL_NVIC_EnableIRQ) for HAL_NVIC_EnableIRQ
    i2c.o(i.HAL_I2C_MspDeInit) refers to stm32f4xx_hal_gpio.o(i.HAL_GPIO_DeInit) for HAL_GPIO_DeInit
    i2c.o(i.HAL_I2C_MspInit) refers to memseta.o(.text) for __aeabi_memclr4
    i2c.o(i.HAL_I2C_MspInit) refers to stm32f4xx_hal_gpio.o(i.HAL_GPIO_Init) for HAL_GPIO_Init
    i2c.o(i.MX_I2C2_Init) refers to stm32f4xx_hal_i2c.o(i.HAL_I2C_Init) for HAL_I2C_Init
[...]
    TIM_OC1_SetConfig                        0x0800361d   Thumb Code    90  stm32f4xx_hal_tim.o(i.TIM_OC1_SetConfig)
    i.TIM_OC2_SetConfig                      0x0800367c   Section        0  stm32f4xx_hal_tim.o(i.TIM_OC2_SetConfig)
    i.TIM_OC3_SetConfig                      0x080036e4   Section        0  stm32f4xx_hal_tim.o(i.TIM_OC3_SetConfig)
    TIM_OC3_SetConfig                        0x080036e5   Thumb Code    98  stm32f4xx_hal_tim.o(i.TIM_OC3_SetConfig)
    i.TIM_OC4_SetConfig                      0x0800374c   Section        0  stm32f4xx_hal_tim.o(i.TIM_OC4_SetConfig)
    TIM_OC4_SetConfig                        0x0800374d   Thumb Code    68  stm32f4xx_hal_tim.o(i.TIM_OC4_SetConfig)
    i.TIM_TI1_ConfigInputStage               0x08003794   Section        0  stm32f4xx_hal_tim.o(i.TIM_TI1_ConfigInputStage)
    TIM_TI1_ConfigInputStage                 0x08003795   Thumb Code    38  stm32f4xx_hal_tim.o(i.TIM_TI1_ConfigInputStage)
    i.TIM_TI2_ConfigInputStage               0x080037ba   Section        0  stm32f4xx_hal_tim.o(i.TIM_TI2_ConfigInputStage)
    TIM_TI2_ConfigInputStage                 0x080037bb   Thumb Code    40  stm32f4xx_hal_tim.o(i.TIM_TI2_ConfigInputStage)
    i.UART_DMAAbortOnError                   0x080037e2   Section        0  stm32f4xx_hal_uart.o(i.UART_DMAAbortOnError)
    UART_DMAAbortOnError                     0x080037e3   Thumb Code    20  stm32f4xx_hal_uart.o(i.UART_DMAAbortOnError)
    i.UART_EndRxTransfer                     0x080037f6   Section        0  stm32f4xx_hal_uart.o(i.UART_EndRxTransfer)
    UART_EndRxTransfer                       0x080037f7   Thumb Code   108  stm32f4xx_hal_uart.o(i.UART_EndRxTransfer)
    i.UART_EndTransmit_IT                    0x08003862   Section        0  stm32f4xx_hal_uart.o(i.UART_EndTransmit_IT)
    UART_EndTransmit_IT                      0x08003863   Thumb Code    32  stm32f4xx_hal_uart.o(i.UART_EndTransmit_IT)
    i.UART_Receive_IT                        0x08003882   Section        0  stm32f4xx_hal_uart.o(i.UART_Receive_IT)
    UART_Receive_IT                          0x08003883   Thumb Code   252  stm32f4xx_hal_uart.o(i.UART_Receive_IT)
    i.UART_SetConfig                         0x08003980   Section        0  stm32f4xx_hal_uart.o(i.UART_SetConfig)
    UART_SetConfig                           0x08003981   Thumb Code   546  stm32f4xx_hal_uart.o(i.UART_SetConfig)
    i.UART_Start_Receive_IT                  0x08003bac   Section        0  stm32f4xx_hal_uart.o(i.UART_Start_Receive_IT)
    i.UART_Transmit_IT                       0x08003bec   Section        0  stm32f4xx_hal_uart.o(i.UART_Transmit_IT)
    UART_Transmit_IT                         0x08003bed   Thumb Code    96  stm32f4xx_hal_uart.o(i.UART_Transmit_IT)
    i.UART_WaitOnFlagUntilTimeout            0x08003c4c   Section        0  stm32f4xx_hal_uart.o(i.UART_WaitOnFlagUntilTimeout)
    UART_WaitOnFlagUntilTimeout              0x08003c4d   Thumb Code   140  stm32f4xx_hal_uart.o(i.UART_WaitOnFlagUntilTimeout)
    i.USART1_IRQHandler                      0x08003cd8   Section        0  stm32f4xx_it.o(i.USART1_IRQHandler)
    i.UsageFault_Handler                     0x08003ce8   Section        0  stm32f4xx_it.o(i.UsageFault_Handler)
    i.__0printf                              0x08003cec   Section        0  printfa.o(i.__0printf)
    i.__ARM_fpclassify                       0x08003d0c   Section        0  fpclassify.o(i.__ARM_fpclassify)
    i.__NVIC_GetPriorityGrouping             0x08003d3c   Section        0  stm32f4xx_hal_cortex.o(i.__NVIC_GetPriorityGrouping)
    __NVIC_GetPriorityGrouping               0x08003d3d   Thumb Code    10  stm32f4xx_hal_cortex.o(i.__NVIC_GetPriorityGrouping)
    i.__NVIC_SetPriority                     0x08003d4c   Section        0  stm32f4xx_hal_cortex.o(i.__NVIC_SetPriority)
    __NVIC_SetPriority                       0x08003d4d   Thumb Code    32  stm32f4xx_hal_cortex.o(i.__NVIC_SetPriority)
    i.__hardfp_asin                          0x08003d78   Section        0  asin.o(i.__hardfp_asin)
    i.__hardfp_atan                          0x080040d8   Section        0  atan.o(i.__hardfp_atan)
    i.__hardfp_atan2                         0x080043b0   Section        0  atan2.o(i.__hardfp_atan2)
    i.__kernel_poly                          0x080045a0   Section        0  poly.o(i.__kernel_poly)
    i.__mathlib_dbl_infnan                   0x08004698   Section        0  dunder.o(i.__mathlib_dbl_infnan)
    i.__mathlib_dbl_infnan2                  0x080046ac   Section        0  dunder.o(i.__mathlib_dbl_infnan2)
    i.__mathlib_dbl_invalid                  0x080046c0   Section        0  dunder.o(i.__mathlib_dbl_invalid)
    i.__mathlib_dbl_underflow                0x080046e0   Section        0  dunder.o(i.__mathlib_dbl_underflow)
    i.__scatterload_copy                     0x08004700   Section       14  handlers.o(i.__scatterload_copy)
    i.__scatterload_null                     0x0800470e   Section        2  handlers.o(i.__scatterload_null)
    i.__scatterload_zeroinit                 0x08004710   Section       14  handlers.o(i.__scatterload_zeroinit)
    i.__set_errno                            0x08004720   Section        0  errno.o(i.__set_errno)
    i._fp_digits                             0x0800472c   Section        0  printfa.o(i._fp_digits)
    _fp_digits                               0x0800472d   Thumb Code   366  printfa.o(i._fp_digits)
    i._printf_core                           0x080048b0   Section        0  printfa.o(i._printf_core)
    _printf_core                             0x080048b1   Thumb Code  1744  printfa.o(i._printf_core)
    i._printf_post_padding                   0x08004f8c   Section        0  printfa.o(i._printf_post_padding)
    _printf_post_padding                     0x08004f8d   Thumb Code    36  printfa.o(i._printf_post_padding)
    i._printf_pre_padding                    0x08004fb0   Section        0  printfa.o(i._printf_pre_padding)
    _printf_pre_padding                      0x08004fb1   Thumb Code    46  printfa.o(i._printf_pre_padding)
    i.accel_self_test                        0x08004fe0   Section        0  inv_mpu.o(i.accel_self_test)
    accel_self_test                          0x08004fe1   Thumb Code   182  inv_mpu.o(i.accel_self_test)
    i.atan                                   0x080050a0   Section        0  atan.o(i.atan)
    i.decode_gesture                         0x080050b0   Section        0  inv_mpu_dmp_motion_driver.o(i.decode_gesture)
    decode_gesture                           0x080050b1   Thumb Code    94  inv_mpu_dmp_motion_driver.o(i.decode_gesture)
    i.dmp_enable_6x_lp_quat                  0x08005114   Section        0  inv_mpu_dmp_motion_driver.o(i.dmp_enable_6x_lp_quat)
    i.dmp_enable_feature                     0x08005150   Section        0  inv_mpu_dmp_motion_driver.o(i.dmp_enable_feature)
    i.dmp_enable_gyro_cal                    0x0800536c   Section        0  inv_mpu_dmp_motion_driver.o(i.dmp_enable_gyro_cal)
    i.dmp_enable_lp_quat                     0x080053c4   Section        0  inv_mpu_dmp_motion_driver.o(i.dmp_enable_lp_quat)
    i.dmp_load_motion_driver_firmware        0x08005400   Section        0  inv_mpu_dmp_motion_driver.o(i.dmp_load_motion_driver_firmware)
    i.dmp_read_fifo                          0x08005418   Section        0  inv_mpu_dmp_motion_driver.o(i.dmp_read_fifo)
    i.dmp_set_accel_bias                     0x080055e4   Section        0  inv_mpu_dmp_motion_driver.o(i.dmp_set_accel_bias)
    i.dmp_set_fifo_rate                      0x08005714   Section        0  inv_mpu_dmp_motion_driver.o(i.dmp_set_fifo_rate)
    i.dmp_set_gyro_bias                      0x08005784   Section        0  inv_mpu_dmp_motion_driver.o(i.dmp_set_gyro_bias)
    i.dmp_set_orientation                    0x080058b4   Section        0  inv_mpu_dmp_motion_driver.o(i.dmp_set_orientation)
    i.dmp_set_shake_reject_thresh            0x080059ec   Section        0  inv_mpu_dmp_motion_driver.o(i.dmp_set_shake_reject_thresh)
    i.dmp_set_shake_reject_time              0x08005a24   Section        0  inv_mpu_dmp_motion_driver.o(i.dmp_set_shake_reject_time)
    i.dmp_set_shake_reject_timeout           0x08005a4a   Section        0  inv_mpu_dmp_motion_driver.o(i.dmp_set_shake_reject_timeout)
    i.dmp_set_tap_axes                       0x08005a70   Section        0  inv_mpu_dmp_motion_driver.o(i.dmp_set_tap_axes)
    i.dmp_set_tap_count                      0x08005ab6   Section        0  inv_mpu_dmp_motion_driver.o(i.dmp_set_tap_count)
    i.dmp_set_tap_thresh                     0x08005adc   Section        0  inv_mpu_dmp_motion_driver.o(i.dmp_set_tap_thresh)
    i.dmp_set_tap_time                       0x08005c9c   Section        0  inv_mpu_dmp_motion_driver.o(i.dmp_set_tap_time)
    i.dmp_set_tap_time_multi                 0x08005cc2   Section        0  inv_mpu_dmp_motion_driver.o(i.dmp_set_tap_time_multi)
    i.fabs                                   0x08005ce8   Section        0  fabs.o(i.fabs)
    i.fputc                                  0x08005d00   Section        0  print.o(i.fputc)
    i.get_accel_prod_shift                   0x08005d1c   Section        0  inv_mpu.o(i.get_accel_prod_shift)
    get_accel_prod_shift                     0x08005d1d   Thumb Code   190  inv_mpu.o(i.get_accel_prod_shift)
    i.get_st_biases                          0x08005dec   Section        0  inv_mpu.o(i.get_st_biases)
    get_st_biases                            0x08005ded   Thumb Code  1132  inv_mpu.o(i.get_st_biases)
    i.gyro_self_test                         0x0800625c   Section        0  inv_mpu.o(i.gyro_self_test)
    gyro_self_test                           0x0800625d   Thumb Code   262  inv_mpu.o(i.gyro_self_test)
    i.inv_orientation_matrix_to_scalar       0x08006378   Section        0  inv_mpu.o(i.inv_orientation_matrix_to_scalar)
    i.inv_row_2_scale                        0x080063a0   Section        0  inv_mpu.o(i.inv_row_2_scale)
    i.key_scan                               0x080063f0   Section        0  keyboard.o(i.key_scan)
    i.main                                   0x080064c0   Section        0  main.o(i.main)
    i.mget_ms                                0x080065c4   Section        0  inv_mpu.o(i.mget_ms)
    i.mpu_configure_fifo                     0x080065c8   Section        0  inv_mpu.o(i.mpu_configure_fifo)
    i.mpu_dmp_get_data                       0x08006638   Section        0  inv_mpu.o(i.mpu_dmp_get_data)
    i.mpu_dmp_init                           0x08006850   Section        0  inv_mpu.o(i.mpu_dmp_init)
    i.mpu_get_accel_fsr                      0x080068e4   Section        0  inv_mpu.o(i.mpu_get_accel_fsr)
    i.mpu_get_accel_sens                     0x08006930   Section        0  inv_mpu.o(i.mpu_get_accel_sens)
    i.mpu_get_fifo_config                    0x08006984   Section        0  inv_mpu.o(i.mpu_get_fifo_config)
    i.mpu_get_gyro_fsr                       0x08006994   Section        0  inv_mpu.o(i.mpu_get_gyro_fsr)
    i.mpu_get_gyro_sens                      0x080069d8   Section        0  inv_mpu.o(i.mpu_get_gyro_sens)
    i.mpu_get_lpf                            0x08006a38   Section        0  inv_mpu.o(i.mpu_get_lpf)
    i.mpu_get_sample_rate                    0x08006a88   Section        0  inv_mpu.o(i.mpu_get_sample_rate)
    i.mpu_init                               0x08006aa8   Section        0  inv_mpu.o(i.mpu_init)
    i.mpu_load_firmware                      0x08006c6c   Section        0  inv_mpu.o(i.mpu_load_firmware)
    i.mpu_lp_accel_mode                      0x08006d24   Section        0  inv_mpu.o(i.mpu_lp_accel_mode)
    i.mpu_read_fifo_stream                   0x08006e04   Section        0  inv_mpu.o(i.mpu_read_fifo_stream)
    i.mpu_read_mem                           0x08006ec4   Section        0  inv_mpu.o(i.mpu_read_mem)
    i.mpu_reset_fifo                         0x08006f44   Section        0  inv_mpu.o(i.mpu_reset_fifo)
    i.mpu_run_self_test                      0x0800710c   Section        0  inv_mpu.o(i.mpu_run_self_test)
    i.mpu_set_accel_fsr                      0x08007228   Section        0  inv_mpu.o(i.mpu_set_accel_fsr)
    i.mpu_set_bypass                         0x080072ac   Section        0  inv_mpu.o(i.mpu_set_bypass)
    i.mpu_set_dmp_state                      0x080073f8   Section        0  inv_mpu.o(i.mpu_set_dmp_state)
    i.mpu_set_gyro_fsr                       0x08007488   Section        0  inv_mpu.o(i.mpu_set_gyro_fsr)
    i.mpu_set_int_latched                    0x08007510   Section        0  inv_mpu.o(i.mpu_set_int_latched)
    i.mpu_set_lpf                            0x0800757c   Section        0  inv_mpu.o(i.mpu_set_lpf)
    i.mpu_set_sample_rate                    0x08007600   Section        0  inv_mpu.o(i.mpu_set_sample_rate)
    i.mpu_set_sensors                        0x0800769c   Section        0  inv_mpu.o(i.mpu_set_sensors)
    i.mpu_write_mem                          0x0800776c   Section        0  inv_mpu.o(i.mpu_write_mem)
    i.run_self_test                          0x080077ec   Section        0  inv_mpu.o(i.run_self_test)
    i.set_int_enable                         0x08007888   Section        0  inv_mpu.o(i.set_int_enable)
    set_int_enable                           0x08007889   Thumb Code   138  inv_mpu.o(i.set_int_enable)
    i.sqrt                                   0x08007918   Section        0  sqrt.o(i.sqrt)
    i.task1                                  0x08007988   Section        0  task.o(i.task1)
    i.task2                                  0x08007a18   Section        0  task.o(i.task2)
    i.task3                                  0x08007aa0   Section        0  task.o(i.task3)
    i.task4                                  0x08007aec   Section        0  task.o(i.task4)
    i.task5                                  0x08007aee   Section        0  task.o(i.task5)
    .constdata                               0x08007af0   Section        8  stm32f4xx_hal_dma.o(.constdata)
    flagBitshiftOffset                       0x08007af0   Data           8  stm32f4xx_hal_dma.o(.constdata)
    .constdata                               0x08007af8   Section       24  system_stm32f4xx.o(.constdata)
    .constdata                               0x08007b10   Section       80  inv_mpu.o(.constdata)
    .constdata                               0x08007b60   Section     3062  inv_mpu_dmp_motion_driver.o(.constdata)
    dmp_memory                               0x08007b60   Data        3062  inv_mpu_dmp_motion_driver.o(.constdata)
    .constdata                               0x08008758   Section       80  asin.o(.constdata)
    pS                                       0x08008758   Data          48  asin.o(.constdata)
    qS                                       0x08008788   Data          32  asin.o(.constdata)
    .constdata                               0x080087a8   Section      152  atan.o(.constdata)
    atanhi                                   0x080087a8   Data          32  atan.o(.constdata)
    atanlo                                   0x080087c8   Data          32  atan.o(.constdata)
    aTodd                                    0x080087e8   Data          40  atan.o(.constdata)
    aTeven                                   0x08008810   Data          48  atan.o(.constdata)
    .constdata                               0x08008840   Section        8  qnan.o(.constdata)
    .conststring                             0x08008848   Section       77  inv_mpu.o(.conststring)
    .data                                    0x20000000   Section        9  stm32f4xx_hal.o(.data)
    .data                                    0x2000000c   Section        4  system_stm32f4xx.o(.data)
    .data                                    0x20000010   Section       53  inv_mpu.o(.data)
    st                                       0x20000010   Data          44  inv_mpu.o(.data)
    gyro_orientation                         0x2000003c   Data           9  inv_mpu.o(.data)
    .data                                    0x20000048   Section       48  pid.o(.data)
    .data                                    0x20000078   Section        4  keyboard.o(.data)
    .data                                    0x2000007c   Section       25  task.o(.data)
    .data                                    0x20000098   Section        4  light.o(.data)
    .data                                    0x2000009c   Section       10  bluetooth.o(.data)
    huart1                                   0x200000a0   Data           4  bluetooth.o(.data)
    rx_flag                                  0x200000a4   Data           1  bluetooth.o(.data)
    rx_index                                 0x200000a5   Data           1  bluetooth.o(.data)
    .data                                    0x200000a8   Section        4  stdout.o(.data)
    .data                                    0x200000ac   Section        4  errno.o(.data)
    _errno                                   0x200000ac   Data           4  errno.o(.data)
    .bss                                     0x200000b0   Section       84  i2c.o(.bss)
    .bss                                     0x20000104   Section      360  tim.o(.bss)
    .bss                                     0x2000026c   Section      264  usart.o(.bss)
    .bss                                     0x20000374   Section       16  inv_mpu_dmp_motion_driver.o(.bss)
    dmp                                      0x20000374   Data          16  inv_mpu_dmp_motion_driver.o(.bss)
    .bss                                     0x20000384   Section       40  bluetooth.o(.bss)
    rx_buffer                                0x20000384   Data          20  bluetooth.o(.bss)
    rx_temp                                  0x20000398   Data          20  bluetooth.o(.bss)
    STACK                                    0x200003b0   Section     1024  startup_stm32f401xc.o(STACK)

    Global Symbols

    Symbol Name                              Value     Ov Type        Size  Object(Section)

    BuildAttributes$$THM_ISAv4$E$P$D$K$B$S$7EM$VFPi3$EXTD16$VFPS$VFMA$PE$A:L22UL41UL21$X:L11$S22US41US21$IEEE1$IW$USESV6$~STKCKD$USESV7$~SHL$OTIME$ROPI$IEEEX$EBA8$MICROLIB$REQ8$PRES8$EABIv2 0x00000000   Number         0  anon$$obj.o ABSOLUTE
    __ARM_use_no_argv                        0x00000000   Number         0  main.o ABSOLUTE
    _printf_a                                0x00000000   Number         0  stubs.o ABSOLUTE
    _printf_c                                0x00000000   Number         0  stubs.o ABSOLUTE
    _printf_charcount                        0x00000000   Number         0  stubs.o ABSOLUTE
    _printf_d                                0x00000000   Number         0  stubs.o ABSOLUTE
    _printf_e                                0x00000000   Number         0  stubs.o ABSOLUTE
    _printf_f                                0x00000000   Number         0  stubs.o ABSOLUTE
    _printf_flags                            0x00000000   Number         0  stubs.o ABSOLUTE
    _printf_fp_dec                           0x00000000   Number         0  stubs.o ABSOLUTE
    _printf_fp_hex                           0x00000000   Number         0  stubs.o ABSOLUTE
    _printf_g                                0x00000000   Number         0  stubs.o ABSOLUTE
    _printf_i                                0x00000000   Number         0  stubs.o ABSOLUTE
    _printf_int_dec                          0x00000000   Number         0  stubs.o ABSOLUTE
    _printf_l                                0x00000000   Number         0  stubs.o ABSOLUTE
    _printf_lc                               0x00000000   Number         0  stubs.o ABSOLUTE
    _printf_ll                               0x00000000   Number         0  stubs.o ABSOLUTE
    _printf_lld                              0x00000000   Number         0  stubs.o ABSOLUTE
    _printf_lli                              0x00000000   Number         0  stubs.o ABSOLUTE
    _printf_llo                              0x00000000   Number         0  stubs.o ABSOLUTE
    _printf_llu                              0x00000000   Number         0  stubs.o ABSOLUTE
    _printf_llx                              0x00000000   Number         0  stubs.o ABSOLUTE
    _printf_longlong_dec                     0x00000000   Number         0  stubs.o ABSOLUTE
    _printf_longlong_hex                     0x00000000   Number         0  stubs.o ABSOLUTE
    _printf_longlong_oct                     0x00000000   Number         0  stubs.o ABSOLUTE
    _printf_ls                               0x00000000   Number         0  stubs.o ABSOLUTE
    _printf_mbtowc                           0x00000000   Number         0  stubs.o ABSOLUTE
    _printf_n                                0x00000000   Number         0  stubs.o ABSOLUTE
    _printf_o                                0x00000000   Number         0  stubs.o ABSOLUTE
    _printf_p                                0x00000000   Number         0  stubs.o ABSOLUTE
    _printf_percent                          0x00000000   Number         0  stubs.o ABSOLUTE
    _printf_pre_padding                      0x00000000   Number         0  stubs.o ABSOLUTE
    _printf_return_value                     0x00000000   Number         0  stubs.o ABSOLUTE
    _printf_s                                0x00000000   Number         0  stubs.o ABSOLUTE
    _printf_sizespec                         0x00000000   Number         0  stubs.o ABSOLUTE
    _printf_str                              0x00000000   Number         0  stubs.o ABSOLUTE
    _printf_truncate_signed                  0x00000000   Number         0  stubs.o ABSOLUTE
    _printf_truncate_unsigned                0x00000000   Number         0  stubs.o ABSOLUTE
    _printf_u                                0x00000000   Number         0  stubs.o ABSOLUTE
    _printf_wc                               0x00000000   Number         0  stubs.o ABSOLUTE
    _printf_wctomb                           0x00000000   Number         0  stubs.o ABSOLUTE
    _printf_widthprec                        0x00000000   Number         0  stubs.o ABSOLUTE
    _printf_x                                0x00000000   Number         0  stubs.o ABSOLUTE
    __cpp_initialize__aeabi_                  - Undefined Weak Reference
    __cxa_finalize                            - Undefined Weak Reference
    __decompress                              - Undefined Weak Reference
    _clock_init                               - Undefined Weak Reference
    _microlib_exit                            - Undefined Weak Reference
    _scanf_longlong                           - Undefined Weak Reference
    _scanf_string                             - Undefined Weak Reference
    __Vectors_Size                           0x00000194   Number         0  startup_stm32f401xc.o ABSOLUTE
    __Vectors                                0x08000000   Data           4  startup_stm32f401xc.o(RESET)
    __Vectors_End                            0x08000194   Data           0  startup_stm32f401xc.o(RESET)
    __main                                   0x08000195   Thumb Code     0  entry.o(.ARM.Collect$$$$00000000)
    _main_stk                                0x08000195   Thumb Code     0  entry2.o(.ARM.Collect$$$$00000001)
    _main_scatterload                        0x08000199   Thumb Code     0  entry5.o(.ARM.Collect$$$$00000004)
    __main_after_scatterload                 0x0800019d   Thumb Code     0  entry5.o(.ARM.Collect$$$$00000004)
    _main_clock                              0x0800019d   Thumb Code     0  entry7b.o(.ARM.Collect$$$$00000008)
    _main_cpp_init                           0x0800019d   Thumb Code     0  entry8b.o(.ARM.Collect$$$$0000000A)
    _main_init                               0x0800019d   Thumb Code     0  entry9a.o(.ARM.Collect$$$$0000000B)
    __rt_final_cpp                           0x080001a5   Thumb Code     0  entry10a.o(.ARM.Collect$$$$0000000D)
    __rt_final_exit                          0x080001a5   Thumb Code     0  entry11a.o(.ARM.Collect$$$$0000000F)
    Reset_Handler                            0x080001a9   Thumb Code     8  startup_stm32f401xc.o(.text)
    ADC_IRQHandler                           0x080001c3   Thumb Code     0  startup_stm32f401xc.o(.text)
    DMA1_Stream0_IRQHandler                  0x080001c3   Thumb Code     0  startup_stm32f401xc.o(.text)
    DMA1_Stream1_IRQHandler                  0x080001c3   Thumb Code     0  startup_stm32f401xc.o(.text)
    DMA1_Stream2_IRQHandler                  0x080001c3   Thumb Code     0  startup_stm32f401xc.o(.text)
    DMA1_Stream3_IRQHandler                  0x080001c3   Thumb Code     0  startup_stm32f401xc.o(.text)
    DMA1_Stream4_IRQHandler                  0x080001c3   Thumb Code     0  startup_stm32f401xc.o(.text)
    DMA1_Stream5_IRQHandler                  0x080001c3   Thumb Code     0  startup_stm32f401xc.o(.text)
    DMA1_Stream6_IRQHandler                  0x080001c3   Thumb Code     0  startup_stm32f401xc.o(.text)
    DMA1_Stream7_IRQHandler                  0x080001c3   Thumb Code     0  startup_stm32f401xc.o(.text)
    DMA2_Stream0_IRQHandler                  0x080001c3   Thumb Code     0  startup_stm32f401xc.o(.text)
    DMA2_Stream1_IRQHandler                  0x080001c3   Thumb Code     0  startup_stm32f401xc.o(.text)
    DMA2_Stream3_IRQHandler                  0x080001c3   Thumb Code     0  startup_stm32f401xc.o(.text)
    DMA2_Stream4_IRQHandler                  0x080001c3   Thumb Code     0  startup_stm32f401xc.o(.text)
    DMA2_Stream5_IRQHandler                  0x080001c3   Thumb Code     0  startup_stm32f401xc.o(.text)
    DMA2_Stream6_IRQHandler                  0x080001c3   Thumb Code     0  startup_stm32f401xc.o(.text)
    EXTI0_IRQHandler                         0x080001c3   Thumb Code     0  startup_stm32f401xc.o(.text)
    EXTI15_10_IRQHandler                     0x080001c3   Thumb Code     0  startup_stm32f401xc.o(.text)
    EXTI1_IRQHandler                         0x080001c3   Thumb Code     0  startup_stm32f401xc.o(.text)
    EXTI2_IRQHandler                         0x080001c3   Thumb Code     0  startup_stm32f401xc.o(.text)
    EXTI3_IRQHandler                         0x080001c3   Thumb Code     0  startup_stm32f401xc.o(.text)
    EXTI4_IRQHandler                         0x080001c3   Thumb Code     0  startup_stm32f401xc.o(.text)
    EXTI9_5_IRQHandler                       0x080001c3   Thumb Code     0  startup_stm32f401xc.o(.text)
    FLASH_IRQHandler                         0x080001c3   Thumb Code     0  startup_stm32f401xc.o(.text)
    FPU_IRQHandler                           0x080001c3   Thumb Code     0  startup_stm32f401xc.o(.text)
    I2C1_ER_IRQHandler                       0x080001c3   Thumb Code     0  startup_stm32f401xc.o(.text)
    I2C1_EV_IRQHandler                       0x080001c3   Thumb Code     0  startup_stm32f401xc.o(.text)
    I2C2_ER_IRQHandler                       0x080001c3   Thumb Code     0  startup_stm32f401xc.o(.text)
    I2C2_EV_IRQHandler                       0x080001c3   Thumb Code     0  startup_stm32f401xc.o(.text)
    I2C3_ER_IRQHandler                       0x080001c3   Thumb Code     0  startup_stm32f401xc.o(.text)
    I2C3_EV_IRQHandler                       0x080001c3   Thumb Code     0  startup_stm32f401xc.o(.text)
    OTG_FS_IRQHandler                        0x080001c3   Thumb Code     0  startup_stm32f401xc.o(.text)
    OTG_FS_WKUP_IRQHandler                   0x080001c3   Thumb Code     0  startup_stm32f401xc.o(.text)
    PVD_IRQHandler                           0x080001c3   Thumb Code     0  startup_stm32f401xc.o(.text)
    RCC_IRQHandler                           0x080001c3   Thumb Code     0  startup_stm32f401xc.o(.text)
    RTC_Alarm_IRQHandler                     0x080001c3   Thumb Code     0  startup_stm32f401xc.o(.text)
    RTC_WKUP_IRQHandler                      0x080001c3   Thumb Code     0  startup_stm32f401xc.o(.text)
    SDIO_IRQHandler                          0x080001c3   Thumb Code     0  startup_stm32f401xc.o(.text)
    SPI1_IRQHandler                          0x080001c3   Thumb Code     0  startup_stm32f401xc.o(.text)
    SPI2_IRQHandler                          0x080001c3   Thumb Code     0  startup_stm32f401xc.o(.text)
    SPI3_IRQHandler                          0x080001c3   Thumb Code     0  startup_stm32f401xc.o(.text)
    SPI4_IRQHandler                          0x080001c3   Thumb Code     0  startup_stm32f401xc.o(.text)
    TAMP_STAMP_IRQHandler                    0x080001c3   Thumb Code     0  startup_stm32f401xc.o(.text)
    TIM1_BRK_TIM9_IRQHandler                 0x080001c3   Thumb Code     0  startup_stm32f401xc.o(.text)
    TIM1_CC_IRQHandler                       0x080001c3   Thumb Code     0  startup_stm32f401xc.o(.text)
    TIM1_TRG_COM_TIM11_IRQHandler            0x080001c3   Thumb Code     0  startup_stm32f401xc.o(.text)
    TIM1_UP_TIM10_IRQHandler                 0x080001c3   Thumb Code     0  startup_stm32f401xc.o(.text)
    TIM4_IRQHandler                          0x080001c3   Thumb Code     0  startup_stm32f401xc.o(.text)
    TIM5_IRQHandler                          0x080001c3   Thumb Code     0  startup_stm32f401xc.o(.text)
    USART2_IRQHandler                        0x080001c3   Thumb Code     0  startup_stm32f401xc.o(.text)
    USART6_IRQHandler                        0x080001c3   Thumb Code     0  startup_stm32f401xc.o(.text)
    WWDG_IRQHandler                          0x080001c3   Thumb Code     0  startup_stm32f401xc.o(.text)
    __aeabi_uldivmod                         0x080001cd   Thumb Code    98  uldiv.o(.text)
    __aeabi_ldivmod                          0x0800022f   Thumb Code    98  ldiv.o(.text)
    __aeabi_memcpy                           0x08000291   Thumb Code    36  memcpya.o(.text)
    __aeabi_memcpy4                          0x08000291   Thumb Code     0  memcpya.o(.text)
    __aeabi_memcpy8                          0x08000291   Thumb Code     0  memcpya.o(.text)
    __aeabi_memset                           0x080002b5   Thumb Code    14  memseta.o(.text)
    __aeabi_memset4                          0x080002b5   Thumb Code     0  memseta.o(.text)
    __aeabi_memset8                          0x080002b5   Thumb Code     0  memseta.o(.text)
    __aeabi_memclr                           0x080002c3   Thumb Code     4  memseta.o(.text)
    __aeabi_memclr4                          0x080002c3   Thumb Code     0  memseta.o(.text)
    __aeabi_memclr8                          0x080002c3   Thumb Code     0  memseta.o(.text)
    _memset$wrapper                          0x080002c7   Thumb Code    18  memseta.o(.text)
    memcmp                                   0x080002d9   Thumb Code    26  memcmp.o(.text)
    __aeabi_dadd                             0x080002f3   Thumb Code   322  dadd.o(.text)
    __aeabi_dsub                             0x08000435   Thumb Code     6  dadd.o(.text)
    __aeabi_drsub                            0x0800043b   Thumb Code     6  dadd.o(.text)
    __aeabi_dmul                             0x08000441   Thumb Code   228  dmul.o(.text)
    __aeabi_ddiv                             0x08000525   Thumb Code   222  ddiv.o(.text)
    __aeabi_f2d                              0x08000603   Thumb Code    38  f2d.o(.text)
    __aeabi_d2f                              0x08000629   Thumb Code    56  d2f.o(.text)
    __aeabi_uidiv                            0x08000661   Thumb Code     0  uidiv.o(.text)
    __aeabi_uidivmod                         0x08000661   Thumb Code    44  uidiv.o(.text)
    __aeabi_llsl                             0x0800068d   Thumb Code    30  llshl.o(.text)
    _ll_shift_l                              0x0800068d   Thumb Code     0  llshl.o(.text)
    __aeabi_llsr                             0x080006ab   Thumb Code    32  llushr.o(.text)
    _ll_ushift_r                             0x080006ab   Thumb Code     0  llushr.o(.text)
    __aeabi_lasr                             0x080006cb   Thumb Code    36  llsshr.o(.text)
    _ll_sshift_r                             0x080006cb   Thumb Code     0  llsshr.o(.text)
    __I$use$fp                               0x080006ef   Thumb Code     0  iusefp.o(.text)
    _float_round                             0x080006ef   Thumb Code    18  fepilogue.o(.text)
    _float_epilogue                          0x08000701   Thumb Code    92  fepilogue.o(.text)
    _double_round                            0x0800075d   Thumb Code    30  depilogue.o(.text)
    _double_epilogue                         0x0800077b   Thumb Code   156  depilogue.o(.text)
    __aeabi_d2ulz                            0x08000817   Thumb Code    48  dfixul.o(.text)
    __aeabi_cdrcmple                         0x08000849   Thumb Code    48  cdrcmple.o(.text)
    __scatterload                            0x08000879   Thumb Code    28  init.o(.text)
    __scatterload_rt2                        0x08000879   Thumb Code     0  init.o(.text)
    _dsqrt                                   0x0800089d   Thumb Code   162  dsqrt.o(.text)
    BusFault_Handler                         0x0800093f   Thumb Code     4  stm32f4xx_it.o(i.BusFault_Handler)
    DMA2_Stream2_IRQHandler                  0x08000945   Thumb Code    10  stm32f4xx_it.o(i.DMA2_Stream2_IRQHandler)
    DMA2_Stream7_IRQHandler                  0x08000955   Thumb Code    10  stm32f4xx_it.o(i.DMA2_Stream7_IRQHandler)
    DebugMon_Handler                         0x08000a43   Thumb Code     2  stm32f4xx_it.o(i.DebugMon_Handler)
    Error_Handler                            0x08000a45   Thumb Code     6  main.o(i.Error_Handler)
    HAL_DMA_Abort                            0x08000a4b   Thumb Code   172  stm32f4xx_hal_dma.o(i.HAL_DMA_Abort)
    HAL_DMA_Abort_IT                         0x08000af7   Thumb Code    40  stm32f4xx_hal_dma.o(i.HAL_DMA_Abort_IT)
    HAL_DMA_IRQHandler                       0x08000b21   Thumb Code   570  stm32f4xx_hal_dma.o(i.HAL_DMA_IRQHandler)
    HAL_DMA_Init                             0x08000d61   Thumb Code   232  stm32f4xx_hal_dma.o(i.HAL_DMA_Init)
    HAL_Delay                                0x08000e4d   Thumb Code    36  stm32f4xx_hal.o(i.HAL_Delay)
    HAL_GPIO_Init                            0x08000e75   Thumb Code   424  stm32f4xx_hal_gpio.o(i.HAL_GPIO_Init)
    HAL_GPIO_ReadPin                         0x0800103d   Thumb Code    16  stm32f4xx_hal_gpio.o(i.HAL_GPIO_ReadPin)
    HAL_GPIO_WritePin                        0x0800104d   Thumb Code    12  stm32f4xx_hal_gpio.o(i.HAL_GPIO_WritePin)
    HAL_GetTick                              0x08001059   Thumb Code     6  stm32f4xx_hal.o(i.HAL_GetTick)
    HAL_I2C_Init                             0x08001065   Thumb Code   446  stm32f4xx_hal_i2c.o(i.HAL_I2C_Init)
    HAL_I2C_MspInit                          0x08001235   Thumb Code   150  i2c.o(i.HAL_I2C_MspInit)
    HAL_IncTick                              0x080012d9   Thumb Code    16  stm32f4xx_hal.o(i.HAL_IncTick)
    HAL_Init                                 0x080012f1   Thumb Code    54  stm32f4xx_hal.o(i.HAL_Init)
    HAL_InitTick                             0x0800132d   Thumb Code    64  stm32f4xx_hal.o(i.HAL_InitTick)
    HAL_MspInit                              0x08001379   Thumb Code    68  stm32f4xx_hal_msp.o(i.HAL_MspInit)
    HAL_NVIC_EnableIRQ                       0x080013c1   Thumb Code    40  stm32f4xx_hal_cortex.o(i.HAL_NVIC_EnableIRQ)
    HAL_NVIC_SetPriority                     0x080013e9   Thumb Code   124  stm32f4xx_hal_cortex.o(i.HAL_NVIC_SetPriority)
    HAL_NVIC_SetPriorityGrouping             0x08001465   Thumb Code    32  stm32f4xx_hal_cortex.o(i.HAL_NVIC_SetPriorityGrouping)
    HAL_RCC_ClockConfig                      0x0800148d   Thumb Code   368  stm32f4xx_hal_rcc.o(i.HAL_RCC_ClockConfig)
    HAL_RCC_GetHCLKFreq                      0x08001611   Thumb Code     6  stm32f4xx_hal_rcc.o(i.HAL_RCC_GetHCLKFreq)
    HAL_RCC_GetPCLK1Freq                     0x0800161d   Thumb Code    22  stm32f4xx_hal_rcc.o(i.HAL_RCC_GetPCLK1Freq)
    HAL_RCC_GetPCLK2Freq                     0x0800163d   Thumb Code    22  stm32f4xx_hal_rcc.o(i.HAL_RCC_GetPCLK2Freq)
    HAL_RCC_GetSysClockFreq                  0x0800165d   Thumb Code   162  stm32f4xx_hal_rcc.o(i.HAL_RCC_GetSysClockFreq)
    HAL_RCC_OscConfig                        0x0800170d   Thumb Code  1172  stm32f4xx_hal_rcc.o(i.HAL_RCC_OscConfig)
    HAL_SYSTICK_Config                       0x08001ba9   Thumb Code    52  stm32f4xx_hal_cortex.o(i.HAL_SYSTICK_Config)
    HAL_TIMEx_BreakCallback                  0x08001bdd   Thumb Code     2  stm32f4xx_hal_tim_ex.o(i.HAL_TIMEx_BreakCallback)
    HAL_TIMEx_CommutCallback                 0x08001bdf   Thumb Code     2  stm32f4xx_hal_tim_ex.o(i.HAL_TIMEx_CommutCallback)
    HAL_TIMEx_MasterConfigSynchronization    0x08001be1   Thumb Code   134  stm32f4xx_hal_tim_ex.o(i.HAL_TIMEx_MasterConfigSynchronization)
    HAL_TIM_Base_Init                        0x08001c7d   Thumb Code   102  stm32f4xx_hal_tim.o(i.HAL_TIM_Base_Init)
    HAL_TIM_Base_MspInit                     0x08001ce5   Thumb Code   246  tim.o(i.HAL_TIM_Base_MspInit)
    HAL_TIM_Base_Start                       0x08001df1   Thumb Code   110  stm32f4xx_hal_tim.o(i.HAL_TIM_Base_Start)
    HAL_TIM_Base_Start_IT                    0x08001e75   Thumb Code   122  stm32f4xx_hal_tim.o(i.HAL_TIM_Base_Start_IT)
    HAL_TIM_Base_Stop                        0x08001f05   Thumb Code    50  stm32f4xx_hal_tim.o(i.HAL_TIM_Base_Stop)
    HAL_TIM_ConfigClockSource                0x08001f37   Thumb Code   268  stm32f4xx_hal_tim.o(i.HAL_TIM_ConfigClockSource)
    HAL_TIM_IC_CaptureCallback               0x08002043   Thumb Code     2  stm32f4xx_hal_tim.o(i.HAL_TIM_IC_CaptureCallback)
    HAL_TIM_IRQHandler                       0x08002045   Thumb Code   364  stm32f4xx_hal_tim.o(i.HAL_TIM_IRQHandler)
    HAL_TIM_MspPostInit                      0x080021b1   Thumb Code   152  tim.o(i.HAL_TIM_MspPostInit)
    HAL_TIM_OC_DelayElapsedCallback          0x08002259   Thumb Code     2  stm32f4xx_hal_tim.o(i.HAL_TIM_OC_DelayElapsedCallback)
    HAL_TIM_PWM_ConfigChannel                0x0800225b   Thumb Code   260  stm32f4xx_hal_tim.o(i.HAL_TIM_PWM_ConfigChannel)
    HAL_TIM_PWM_Init                         0x0800235f   Thumb Code   102  stm32f4xx_hal_tim.o(i.HAL_TIM_PWM_Init)
    HAL_TIM_PWM_MspInit                      0x080023c5   Thumb Code     2  stm32f4xx_hal_tim.o(i.HAL_TIM_PWM_MspInit)
    HAL_TIM_PWM_PulseFinishedCallback        0x080023c7   Thumb Code     2  stm32f4xx_hal_tim.o(i.HAL_TIM_PWM_PulseFinishedCallback)
    HAL_TIM_PWM_Start                        0x080023c9   Thumb Code   214  stm32f4xx_hal_tim.o(i.HAL_TIM_PWM_Start)
    HAL_TIM_PWM_Stop                         0x080024b5   Thumb Code   152  stm32f4xx_hal_tim.o(i.HAL_TIM_PWM_Stop)
    HAL_TIM_PeriodElapsedCallback            0x08002551   Thumb Code    32  task.o(i.HAL_TIM_PeriodElapsedCallback)
    HAL_TIM_TriggerCallback                  0x08002579   Thumb Code     2  stm32f4xx_hal_tim.o(i.HAL_TIM_TriggerCallback)
    HAL_UARTEx_RxEventCallback               0x0800257b   Thumb Code     2  stm32f4xx_hal_uart.o(i.HAL_UARTEx_RxEventCallback)
    HAL_UART_ErrorCallback                   0x0800257d   Thumb Code    26  bluetooth.o(i.HAL_UART_ErrorCallback)
    HAL_UART_IRQHandler                      0x080025a1   Thumb Code   740  stm32f4xx_hal_uart.o(i.HAL_UART_IRQHandler)
    HAL_UART_Init                            0x08002889   Thumb Code   118  stm32f4xx_hal_uart.o(i.HAL_UART_Init)
    HAL_UART_MspInit                         0x08002901   Thumb Code   260  usart.o(i.HAL_UART_MspInit)
    HAL_UART_Receive_IT                      0x08002a1d   Thumb Code    44  stm32f4xx_hal_uart.o(i.HAL_UART_Receive_IT)
    HAL_UART_RxCpltCallback                  0x08002a49   Thumb Code   220  bluetooth.o(i.HAL_UART_RxCpltCallback)
    HAL_UART_Transmit                        0x08002b41   Thumb Code   190  stm32f4xx_hal_uart.o(i.HAL_UART_Transmit)
    HAL_UART_TxCpltCallback                  0x08002bff   Thumb Code     2  stm32f4xx_hal_uart.o(i.HAL_UART_TxCpltCallback)
    HardFault_Handler                        0x08002c01   Thumb Code     4  stm32f4xx_it.o(i.HardFault_Handler)
    I2C_Delay                                0x08002c05   Thumb Code    14  mpuiic.o(i.I2C_Delay)
    I2C_End                                  0x08002c15   Thumb Code    42  mpuiic.o(i.I2C_End)
    I2C_ReadByte                             0x08002c45   Thumb Code    82  mpuiic.o(i.I2C_ReadByte)
    I2C_SendByte                             0x08002c9d   Thumb Code    84  mpuiic.o(i.I2C_SendByte)
    I2C_Start                                0x08002cf5   Thumb Code    52  mpuiic.o(i.I2C_Start)
    IIC_Get_ACK                              0x08002d2d   Thumb Code    54  mpuiic.o(i.IIC_Get_ACK)
    IIC_Send_ACK                             0x08002d69   Thumb Code    60  mpuiic.o(i.IIC_Send_ACK)
    Limit                                    0x08002da9   Thumb Code    30  motor.o(i.Limit)
    MPU_Init                                 0x08002dc7   Thumb Code   106  mpu6050.o(i.MPU_Init)
    MPU_Read_Byte                            0x08002e31   Thumb Code    46  mpuiic.o(i.MPU_Read_Byte)
    MPU_Read_Len                             0x08002e5f   Thumb Code    94  mpuiic.o(i.MPU_Read_Len)
    MPU_Set_Accel_Fsr                        0x08002ebd   Thumb Code    16  mpu6050.o(i.MPU_Set_Accel_Fsr)
    MPU_Set_Gyro_Fsr                         0x08002ecd   Thumb Code    16  mpu6050.o(i.MPU_Set_Gyro_Fsr)
    MPU_Set_LPF                              0x08002edd   Thumb Code    58  mpu6050.o(i.MPU_Set_LPF)
    MPU_Set_Rate                             0x08002f17   Thumb Code    58  mpu6050.o(i.MPU_Set_Rate)
    MPU_Write_Byte                           0x08002f51   Thumb Code    36  mpuiic.o(i.MPU_Write_Byte)
    MPU_Write_Len                            0x08002f75   Thumb Code    64  mpuiic.o(i.MPU_Write_Len)
    MX_DMA_Init                              0x08002fb5   Thumb Code    68  dma.o(i.MX_DMA_Init)
    MX_GPIO_Init                             0x08002ffd   Thumb Code   222  gpio.o(i.MX_GPIO_Init)
    MX_I2C2_Init                             0x080030e9   Thumb Code    48  i2c.o(i.MX_I2C2_Init)
    MX_TIM2_Init                             0x08003125   Thumb Code   160  tim.o(i.MX_TIM2_Init)
    MX_TIM3_Init                             0x080031c9   Thumb Code   102  tim.o(i.MX_TIM3_Init)
    MX_TIM4_Init                             0x08003239   Thumb Code   158  tim.o(i.MX_TIM4_Init)
    MX_TIM5_Init                             0x080032e1   Thumb Code   102  tim.o(i.MX_TIM5_Init)
    MX_TIM9_Init                             0x08003351   Thumb Code    72  tim.o(i.MX_TIM9_Init)
    MX_USART1_UART_Init                      0x080033a1   Thumb Code    46  usart.o(i.MX_USART1_UART_Init)
    MemManage_Handler                        0x080033d9   Thumb Code     4  stm32f4xx_it.o(i.MemManage_Handler)
    NMI_Handler                              0x080033dd   Thumb Code     4  stm32f4xx_it.o(i.NMI_Handler)
    PendSV_Handler                           0x080033e1   Thumb Code     2  stm32f4xx_it.o(i.PendSV_Handler)
    SVC_Handler                              0x080033e3   Thumb Code     2  stm32f4xx_it.o(i.SVC_Handler)
    SetLightness                             0x080033e5   Thumb Code     8  light.o(i.SetLightness)
    Setspeed                                 0x080033f1   Thumb Code    52  motor.o(i.Setspeed)
    SysTick_Handler                          0x0800342d   Thumb Code     8  stm32f4xx_it.o(i.SysTick_Handler)
    SystemClock_Config                       0x08003435   Thumb Code   172  main.o(i.SystemClock_Config)
    SystemInit                               0x080034e9   Thumb Code    14  system_stm32f4xx.o(i.SystemInit)
    TIM2_IRQHandler                          0x080034fd   Thumb Code    10  stm32f4xx_it.o(i.TIM2_IRQHandler)
    TIM3_IRQHandler                          0x0800350d   Thumb Code    10  stm32f4xx_it.o(i.TIM3_IRQHandler)
    TIM_Base_SetConfig                       0x0800351d   Thumb Code   150  stm32f4xx_hal_tim.o(i.TIM_Base_SetConfig)
    TIM_CCxChannelCmd                        0x080035d1   Thumb Code    34  stm32f4xx_hal_tim.o(i.TIM_CCxChannelCmd)
    TIM_ETR_SetConfig                        0x080035f3   Thumb Code    22  stm32f4xx_hal_tim.o(i.TIM_ETR_SetConfig)
    TIM_OC2_SetConfig                        0x0800367d   Thumb Code   100  stm32f4xx_hal_tim.o(i.TIM_OC2_SetConfig)
    UART_Start_Receive_IT                    0x08003bad   Thumb Code    64  stm32f4xx_hal_uart.o(i.UART_Start_Receive_IT)
    USART1_IRQHandler                        0x08003cd9   Thumb Code    10  stm32f4xx_it.o(i.USART1_IRQHandler)
    UsageFault_Handler                       0x08003ce9   Thumb Code     4  stm32f4xx_it.o(i.UsageFault_Handler)
    __0printf                                0x08003ced   Thumb Code    22  printfa.o(i.__0printf)
    __1printf                                0x08003ced   Thumb Code     0  printfa.o(i.__0printf)
    __2printf                                0x08003ced   Thumb Code     0  printfa.o(i.__0printf)
    __c89printf                              0x08003ced   Thumb Code     0  printfa.o(i.__0printf)
    printf                                   0x08003ced   Thumb Code     0  printfa.o(i.__0printf)
    __ARM_fpclassify                         0x08003d0d   Thumb Code    48  fpclassify.o(i.__ARM_fpclassify)
    __hardfp_asin                            0x08003d79   Thumb Code   770  asin.o(i.__hardfp_asin)
    __hardfp_atan                            0x080040d9   Thumb Code   622  atan.o(i.__hardfp_atan)
    __hardfp_atan2                           0x080043b1   Thumb Code   432  atan2.o(i.__hardfp_atan2)
    __kernel_poly                            0x080045a1   Thumb Code   248  poly.o(i.__kernel_poly)
    __mathlib_dbl_infnan                     0x08004699   Thumb Code    20  dunder.o(i.__mathlib_dbl_infnan)
    __mathlib_dbl_infnan2                    0x080046ad   Thumb Code    20  dunder.o(i.__mathlib_dbl_infnan2)
    __mathlib_dbl_invalid                    0x080046c1   Thumb Code    24  dunder.o(i.__mathlib_dbl_invalid)
    __mathlib_dbl_underflow                  0x080046e1   Thumb Code    24  dunder.o(i.__mathlib_dbl_underflow)
    __scatterload_copy                       0x08004701   Thumb Code    14  handlers.o(i.__scatterload_copy)
    __scatterload_null                       0x0800470f   Thumb Code     2  handlers.o(i.__scatterload_null)
    __scatterload_zeroinit                   0x08004711   Thumb Code    14  handlers.o(i.__scatterload_zeroinit)
    __set_errno                              0x08004721   Thumb Code     6  errno.o(i.__set_errno)
    atan                                     0x080050a1   Thumb Code    16  atan.o(i.atan)
    dmp_enable_6x_lp_quat                    0x08005115   Thumb Code    60  inv_mpu_dmp_motion_driver.o(i.dmp_enable_6x_lp_quat)
    dmp_enable_feature                       0x08005151   Thumb Code   530  inv_mpu_dmp_motion_driver.o(i.dmp_enable_feature)
    dmp_enable_gyro_cal                      0x0800536d   Thumb Code    62  inv_mpu_dmp_motion_driver.o(i.dmp_enable_gyro_cal)
    dmp_enable_lp_quat                       0x080053c5   Thumb Code    60  inv_mpu_dmp_motion_driver.o(i.dmp_enable_lp_quat)
    dmp_load_motion_driver_firmware          0x08005401   Thumb Code    20  inv_mpu_dmp_motion_driver.o(i.dmp_load_motion_driver_firmware)
    dmp_read_fifo                            0x08005419   Thumb Code   456  inv_mpu_dmp_motion_driver.o(i.dmp_read_fifo)
    dmp_set_accel_bias                       0x080055e5   Thumb Code   300  inv_mpu_dmp_motion_driver.o(i.dmp_set_accel_bias)
    dmp_set_fifo_rate                        0x08005715   Thumb Code    96  inv_mpu_dmp_motion_driver.o(i.dmp_set_fifo_rate)
    dmp_set_gyro_bias                        0x08005785   Thumb Code   294  inv_mpu_dmp_motion_driver.o(i.dmp_set_gyro_bias)
    dmp_set_orientation                      0x080058b5   Thumb Code   290  inv_mpu_dmp_motion_driver.o(i.dmp_set_orientation)
    dmp_set_shake_reject_thresh              0x080059ed   Thumb Code    56  inv_mpu_dmp_motion_driver.o(i.dmp_set_shake_reject_thresh)
    dmp_set_shake_reject_time                0x08005a25   Thumb Code    38  inv_mpu_dmp_motion_driver.o(i.dmp_set_shake_reject_time)
    dmp_set_shake_reject_timeout             0x08005a4b   Thumb Code    38  inv_mpu_dmp_motion_driver.o(i.dmp_set_shake_reject_timeout)
    dmp_set_tap_axes                         0x08005a71   Thumb Code    70  inv_mpu_dmp_motion_driver.o(i.dmp_set_tap_axes)
    dmp_set_tap_count                        0x08005ab7   Thumb Code    38  inv_mpu_dmp_motion_driver.o(i.dmp_set_tap_count)
    dmp_set_tap_thresh                       0x08005add   Thumb Code   412  inv_mpu_dmp_motion_driver.o(i.dmp_set_tap_thresh)
    dmp_set_tap_time                         0x08005c9d   Thumb Code    38  inv_mpu_dmp_motion_driver.o(i.dmp_set_tap_time)
    dmp_set_tap_time_multi                   0x08005cc3   Thumb Code    38  inv_mpu_dmp_motion_driver.o(i.dmp_set_tap_time_multi)
    fabs                                     0x08005ce9   Thumb Code    24  fabs.o(i.fabs)
    fputc                                    0x08005d01   Thumb Code    22  print.o(i.fputc)
    inv_orientation_matrix_to_scalar         0x08006379   Thumb Code    40  inv_mpu.o(i.inv_orientation_matrix_to_scalar)
    inv_row_2_scale                          0x080063a1   Thumb Code    78  inv_mpu.o(i.inv_row_2_scale)
    key_scan                                 0x080063f1   Thumb Code   198  keyboard.o(i.key_scan)
    main                                     0x080064c1   Thumb Code   216  main.o(i.main)
    mget_ms                                  0x080065c5   Thumb Code     2  inv_mpu.o(i.mget_ms)
    mpu_configure_fifo                       0x080065c9   Thumb Code   106  inv_mpu.o(i.mpu_configure_fifo)
    mpu_dmp_get_data                         0x08006639   Thumb Code   520  inv_mpu.o(i.mpu_dmp_get_data)
    mpu_dmp_init                             0x08006851   Thumb Code   144  inv_mpu.o(i.mpu_dmp_init)
    mpu_get_accel_fsr                        0x080068e5   Thumb Code    72  inv_mpu.o(i.mpu_get_accel_fsr)
    mpu_get_accel_sens                       0x08006931   Thumb Code    78  inv_mpu.o(i.mpu_get_accel_sens)
    mpu_get_fifo_config                      0x08006985   Thumb Code    12  inv_mpu.o(i.mpu_get_fifo_config)
    mpu_get_gyro_fsr                         0x08006995   Thumb Code    64  inv_mpu.o(i.mpu_get_gyro_fsr)
    mpu_get_gyro_sens                        0x080069d9   Thumb Code    74  inv_mpu.o(i.mpu_get_gyro_sens)
    mpu_get_lpf                              0x08006a39   Thumb Code    74  inv_mpu.o(i.mpu_get_lpf)
    mpu_get_sample_rate                      0x08006a89   Thumb Code    26  inv_mpu.o(i.mpu_get_sample_rate)
    mpu_init                                 0x08006aa9   Thumb Code   410  inv_mpu.o(i.mpu_init)
    mpu_load_firmware                        0x08006c6d   Thumb Code   180  inv_mpu.o(i.mpu_load_firmware)
    mpu_lp_accel_mode                        0x08006d25   Thumb Code   218  inv_mpu.o(i.mpu_lp_accel_mode)
    mpu_read_fifo_stream                     0x08006e05   Thumb Code   186  inv_mpu.o(i.mpu_read_fifo_stream)
    mpu_read_mem                             0x08006ec5   Thumb Code   122  inv_mpu.o(i.mpu_read_mem)
    mpu_reset_fifo                           0x08006f45   Thumb Code   450  inv_mpu.o(i.mpu_reset_fifo)
    mpu_run_self_test                        0x0800710d   Thumb Code   278  inv_mpu.o(i.mpu_run_self_test)
    mpu_set_accel_fsr                        0x08007229   Thumb Code   126  inv_mpu.o(i.mpu_set_accel_fsr)
    mpu_set_bypass                           0x080072ad   Thumb Code   328  inv_mpu.o(i.mpu_set_bypass)
    mpu_set_dmp_state                        0x080073f9   Thumb Code   138  inv_mpu.o(i.mpu_set_dmp_state)
    mpu_set_gyro_fsr                         0x08007489   Thumb Code   132  inv_mpu.o(i.mpu_set_gyro_fsr)
    mpu_set_int_latched                      0x08007511   Thumb Code   102  inv_mpu.o(i.mpu_set_int_latched)
    mpu_set_lpf                              0x0800757d   Thumb Code   126  inv_mpu.o(i.mpu_set_lpf)
    mpu_set_sample_rate                      0x08007601   Thumb Code   152  inv_mpu.o(i.mpu_set_sample_rate)
    mpu_set_sensors                          0x0800769d   Thumb Code   202  inv_mpu.o(i.mpu_set_sensors)
    mpu_write_mem                            0x0800776d   Thumb Code   122  inv_mpu.o(i.mpu_write_mem)
    run_self_test                            0x080077ed   Thumb Code   154  inv_mpu.o(i.run_self_test)
    sqrt                                     0x08007919   Thumb Code   110  sqrt.o(i.sqrt)
    task1                                    0x08007989   Thumb Code   126  task.o(i.task1)
    task2                                    0x08007a19   Thumb Code   116  task.o(i.task2)
    task3                                    0x08007aa1   Thumb Code    48  task.o(i.task3)
    task4                                    0x08007aed   Thumb Code     2  task.o(i.task4)
    task5                                    0x08007aef   Thumb Code     2  task.o(i.task5)
    AHBPrescTable                            0x08007af8   Data          16  system_stm32f4xx.o(.constdata)
    APBPrescTable                            0x08007b08   Data           8  system_stm32f4xx.o(.constdata)
    reg                                      0x08007b10   Data          27  inv_mpu.o(.constdata)
    hw                                       0x08007b2c   Data          12  inv_mpu.o(.constdata)
    test                                     0x08007b38   Data          40  inv_mpu.o(.constdata)
    __mathlib_zero                           0x08008840   Data           8  qnan.o(.constdata)
    Region$$Table$$Base                      0x08008898   Number         0  anon$$obj.o(Region$$Table)
    Region$$Table$$Limit                     0x080088b8   Number         0  anon$$obj.o(Region$$Table)
    uwTick                                   0x20000000   Data           4  stm32f4xx_hal.o(.data)
    uwTickPrio                               0x20000004   Data           4  stm32f4xx_hal.o(.data)
    uwTickFreq                               0x20000008   Data           1  stm32f4xx_hal.o(.data)
    SystemCoreClock                          0x2000000c   Data           4  system_stm32f4xx.o(.data)
    Encoder_Left                             0x20000048   Data           4  pid.o(.data)
    Encoder_Right                            0x2000004c   Data           4  pid.o(.data)
    pitch                                    0x20000050   Data           4  pid.o(.data)
    roll                                     0x20000054   Data           4  pid.o(.data)
    yaw                                      0x20000058   Data           4  pid.o(.data)
    gyrox                                    0x2000005c   Data           2  pid.o(.data)
    gyroy                                    0x2000005e   Data           2  pid.o(.data)
    gyroz                                    0x20000060   Data           2  pid.o(.data)
    aacx                                     0x20000062   Data           2  pid.o(.data)
    aacy                                     0x20000064   Data           2  pid.o(.data)
    aacz                                     0x20000066   Data           2  pid.o(.data)
    speed                                    0x20000068   Data           4  pid.o(.data)
    Vertical_out                             0x2000006c   Data           2  pid.o(.data)
    Vertical_Kp                              0x20000070   Data           4  pid.o(.data)
    Vertical_Kd                              0x20000074   Data           4  pid.o(.data)
    key                                      0x20000078   Data           4  keyboard.o(.data)
    target_angle                             0x2000007c   Data           4  task.o(.data)
    current_angle                            0x20000080   Data           4  task.o(.data)
    pid_params                               0x20000084   Data          16  task.o(.data)
    sta                                      0x20000094   Data           1  task.o(.data)
    light                                    0x20000098   Data           4  light.o(.data)
    up                                       0x2000009c   Data           1  bluetooth.o(.data)
    state                                    0x2000009d   Data           1  bluetooth.o(.data)
    __stdout                                 0x200000a8   Data           4  stdout.o(.data)
    hi2c2                                    0x200000b0   Data          84  i2c.o(.bss)
    htim2                                    0x20000104   Data          72  tim.o(.bss)
    htim3                                    0x2000014c   Data          72  tim.o(.bss)
    htim4                                    0x20000194   Data          72  tim.o(.bss)
    htim5                                    0x200001dc   Data          72  tim.o(.bss)
    htim9                                    0x20000224   Data          72  tim.o(.bss)
    huart1                                   0x2000026c   Data          72  usart.o(.bss)
    hdma_usart1_rx                           0x200002b4   Data          96  usart.o(.bss)
    hdma_usart1_tx                           0x20000314   Data          96  usart.o(.bss)
    __initial_sp                             0x200007b0   Data           0  startup_stm32f401xc.o(STACK)



==============================================================================

Memory Map of the image

  Image Entry point : 0x08000195

  Load Region LR_IROM1 (Base: 0x08000000, Size: 0x00008968, Max: 0x00040000, ABSOLUTE)

    Execution Region ER_IROM1 (Exec base: 0x08000000, Load base: 0x08000000, Size: 0x000088b8, Max: 0x00040000, ABSOLUTE)

    Exec Addr    Load Addr    Size         Type   Attr      Idx    E Section Name        Object

    0x08000000   0x08000000   0x00000194   Data   RO            3    RESET               startup_stm32f401xc.o
    0x08000194   0x08000194   0x00000000   Code   RO         4787  * .ARM.Collect$$$$00000000  mc_w.l(entry.o)
    0x08000194   0x08000194   0x00000004   Code   RO         5138    .ARM.Collect$$$$00000001  mc_w.l(entry2.o)
    0x08000198   0x08000198   0x00000004   Code   RO         5141    .ARM.Collect$$$$00000004  mc_w.l(entry5.o)
    0x0800019c   0x0800019c   0x00000000   Code   RO         5143    .ARM.Collect$$$$00000008  mc_w.l(entry7b.o)
    0x0800019c   0x0800019c   0x00000000   Code   RO         5145    .ARM.Collect$$$$0000000A  mc_w.l(entry8b.o)
    0x0800019c   0x0800019c   0x00000008   Code   RO         5146    .ARM.Collect$$$$0000000B  mc_w.l(entry9a.o)
    0x080001a4   0x080001a4   0x00000000   Code   RO         5148    .ARM.Collect$$$$0000000D  mc_w.l(entry10a.o)
    0x080001a4   0x080001a4   0x00000000   Code   RO         5150    .ARM.Collect$$$$0000000F  mc_w.l(entry11a.o)
    0x080001a4   0x080001a4   0x00000004   Code   RO         5139    .ARM.Collect$$$$00002712  mc_w.l(entry2.o)
    0x080001a8   0x080001a8   0x00000024   Code   RO            4    .text               startup_stm32f401xc.o
    0x080001cc   0x080001cc   0x00000062   Code   RO         4790    .text               mc_w.l(uldiv.o)
    0x0800022e   0x0800022e   0x00000062   Code   RO         4792    .text               mc_w.l(ldiv.o)
    0x08000290   0x08000290   0x00000024   Code   RO         4794    .text               mc_w.l(memcpya.o)
    0x080002b4   0x080002b4   0x00000024   Code   RO         4796    .text               mc_w.l(memseta.o)
    0x080002d8   0x080002d8   0x0000001a   Code   RO         4802    .text               mc_w.l(memcmp.o)
    0x080002f2   0x080002f2   0x0000014e   Code   RO         5075    .text               mf_w.l(dadd.o)
    0x08000440   0x08000440   0x000000e4   Code   RO         5077    .text               mf_w.l(dmul.o)
    0x08000524   0x08000524   0x000000de   Code   RO         5079    .text               mf_w.l(ddiv.o)
    0x08000602   0x08000602   0x00000026   Code   RO         5083    .text               mf_w.l(f2d.o)
    0x08000628   0x08000628   0x00000038   Code   RO         5085    .text               mf_w.l(d2f.o)
    0x08000660   0x08000660   0x0000002c   Code   RO         5153    .text               mc_w.l(uidiv.o)
    0x0800068c   0x0800068c   0x0000001e   Code   RO         5155    .text               mc_w.l(llshl.o)
    0x080006aa   0x080006aa   0x00000020   Code   RO         5157    .text               mc_w.l(llushr.o)
    0x080006ca   0x080006ca   0x00000024   Code   RO         5159    .text               mc_w.l(llsshr.o)
    0x080006ee   0x080006ee   0x00000000   Code   RO         5174    .text               mc_w.l(iusefp.o)
    0x080006ee   0x080006ee   0x0000006e   Code   RO         5175    .text               mf_w.l(fepilogue.o)
    0x0800075c   0x0800075c   0x000000ba   Code   RO         5177    .text               mf_w.l(depilogue.o)
    0x08000816   0x08000816   0x00000030   Code   RO         5183    .text               mf_w.l(dfixul.o)
    0x08000846   0x08000846   0x00000002   PAD
    0x08000848   0x08000848   0x00000030   Code   RO         5185    .text               mf_w.l(cdrcmple.o)
    0x08000878   0x08000878   0x00000024   Code   RO         5187    .text               mc_w.l(init.o)
    0x0800089c   0x0800089c   0x000000a2   Code   RO         5193    .text               mf_w.l(dsqrt.o)
    0x0800093e   0x0800093e   0x00000004   Code   RO          415    i.BusFault_Handler  stm32f4xx_it.o
    0x08000942   0x08000942   0x00000002   PAD
    0x08000944   0x08000944   0x00000010   Code   RO          416    i.DMA2_Stream2_IRQHandler  stm32f4xx_it.o
    0x08000954   0x08000954   0x00000010   Code   RO          417    i.DMA2_Stream7_IRQHandler  stm32f4xx_it.o
    0x08000964   0x08000964   0x00000034   Code   RO         1593    i.DMA_CalcBaseAndBitshift  stm32f4xx_hal_dma.o
    0x08000998   0x08000998   0x000000aa   Code   RO         1594    i.DMA_CheckFifoParam  stm32f4xx_hal_dma.o
    0x08000a42   0x08000a42   0x00000002   Code   RO          418    i.DebugMon_Handler  stm32f4xx_it.o
    0x08000a44   0x08000a44   0x00000006   Code   RO           13    i.Error_Handler     main.o
    0x08000a4a   0x08000a4a   0x000000ac   Code   RO         1596    i.HAL_DMA_Abort     stm32f4xx_hal_dma.o
    0x08000af6   0x08000af6   0x00000028   Code   RO         1597    i.HAL_DMA_Abort_IT  stm32f4xx_hal_dma.o
    0x08000b1e   0x08000b1e   0x00000002   PAD
    0x08000b20   0x08000b20   0x00000240   Code   RO         1601    i.HAL_DMA_IRQHandler  stm32f4xx_hal_dma.o
    0x08000d60   0x08000d60   0x000000ec   Code   RO         1602    i.HAL_DMA_Init      stm32f4xx_hal_dma.o
    0x08000e4c   0x08000e4c   0x00000028   Code   RO         2062    i.HAL_Delay         stm32f4xx_hal.o
    0x08000e74   0x08000e74   0x000001c8   Code   RO         1489    i.HAL_GPIO_Init     stm32f4xx_hal_gpio.o
    0x0800103c   0x0800103c   0x00000010   Code   RO         1491    i.HAL_GPIO_ReadPin  stm32f4xx_hal_gpio.o
    0x0800104c   0x0800104c   0x0000000c   Code   RO         1493    i.HAL_GPIO_WritePin  stm32f4xx_hal_gpio.o
    0x08001058   0x08001058   0x0000000c   Code   RO         2068    i.HAL_GetTick       stm32f4xx_hal.o
    0x08001064   0x08001064   0x000001d0   Code   RO          559    i.HAL_I2C_Init      stm32f4xx_hal_i2c.o
    0x08001234   0x08001234   0x000000a4   Code   RO          260    i.HAL_I2C_MspInit   i2c.o
    0x080012d8   0x080012d8   0x00000018   Code   RO         2074    i.HAL_IncTick       stm32f4xx_hal.o
    0x080012f0   0x080012f0   0x0000003c   Code   RO         2075    i.HAL_Init          stm32f4xx_hal.o
    0x0800132c   0x0800132c   0x0000004c   Code   RO         2076    i.HAL_InitTick      stm32f4xx_hal.o
    0x08001378   0x08001378   0x00000048   Code   RO          524    i.HAL_MspInit       stm32f4xx_hal_msp.o
    0x080013c0   0x080013c0   0x00000028   Code   RO         1905    i.HAL_NVIC_EnableIRQ  stm32f4xx_hal_cortex.o
    0x080013e8   0x080013e8   0x0000007c   Code   RO         1911    i.HAL_NVIC_SetPriority  stm32f4xx_hal_cortex.o
    0x08001464   0x08001464   0x00000028   Code   RO         1912    i.HAL_NVIC_SetPriorityGrouping  stm32f4xx_hal_cortex.o
    0x0800148c   0x0800148c   0x00000184   Code   RO         1056    i.HAL_RCC_ClockConfig  stm32f4xx_hal_rcc.o
    0x08001610   0x08001610   0x0000000c   Code   RO         1061    i.HAL_RCC_GetHCLKFreq  stm32f4xx_hal_rcc.o
    0x0800161c   0x0800161c   0x00000020   Code   RO         1063    i.HAL_RCC_GetPCLK1Freq  stm32f4xx_hal_rcc.o
    0x0800163c   0x0800163c   0x00000020   Code   RO         1064    i.HAL_RCC_GetPCLK2Freq  stm32f4xx_hal_rcc.o
    0x0800165c   0x0800165c   0x000000b0   Code   RO         1065    i.HAL_RCC_GetSysClockFreq  stm32f4xx_hal_rcc.o
    0x0800170c   0x0800170c   0x0000049c   Code   RO         1068    i.HAL_RCC_OscConfig  stm32f4xx_hal_rcc.o
    0x08001ba8   0x08001ba8   0x00000034   Code   RO         1916    i.HAL_SYSTICK_Config  stm32f4xx_hal_cortex.o
    0x08001bdc   0x08001bdc   0x00000002   Code   RO         3030    i.HAL_TIMEx_BreakCallback  stm32f4xx_hal_tim_ex.o
    0x08001bde   0x08001bde   0x00000002   Code   RO         3031    i.HAL_TIMEx_CommutCallback  stm32f4xx_hal_tim_ex.o
    0x08001be0   0x08001be0   0x0000009c   Code   RO         3049    i.HAL_TIMEx_MasterConfigSynchronization  stm32f4xx_hal_tim_ex.o
    0x08001c7c   0x08001c7c   0x00000066   Code   RO         2315    i.HAL_TIM_Base_Init  stm32f4xx_hal_tim.o
    0x08001ce2   0x08001ce2   0x00000002   PAD
    0x08001ce4   0x08001ce4   0x0000010c   Code   RO          302    i.HAL_TIM_Base_MspInit  tim.o
    0x08001df0   0x08001df0   0x00000084   Code   RO         2318    i.HAL_TIM_Base_Start  stm32f4xx_hal_tim.o
    0x08001e74   0x08001e74   0x00000090   Code   RO         2320    i.HAL_TIM_Base_Start_IT  stm32f4xx_hal_tim.o
    0x08001f04   0x08001f04   0x00000032   Code   RO         2321    i.HAL_TIM_Base_Stop  stm32f4xx_hal_tim.o
    0x08001f36   0x08001f36   0x0000010c   Code   RO         2324    i.HAL_TIM_ConfigClockSource  stm32f4xx_hal_tim.o
    0x08002042   0x08002042   0x00000002   Code   RO         2349    i.HAL_TIM_IC_CaptureCallback  stm32f4xx_hal_tim.o
    0x08002044   0x08002044   0x0000016c   Code   RO         2363    i.HAL_TIM_IRQHandler  stm32f4xx_hal_tim.o
    0x080021b0   0x080021b0   0x000000a8   Code   RO          303    i.HAL_TIM_MspPostInit  tim.o
    0x08002258   0x08002258   0x00000002   Code   RO         2366    i.HAL_TIM_OC_DelayElapsedCallback  stm32f4xx_hal_tim.o
    0x0800225a   0x0800225a   0x00000104   Code   RO         2387    i.HAL_TIM_PWM_ConfigChannel  stm32f4xx_hal_tim.o
    0x0800235e   0x0800235e   0x00000066   Code   RO         2390    i.HAL_TIM_PWM_Init  stm32f4xx_hal_tim.o
    0x080023c4   0x080023c4   0x00000002   Code   RO         2392    i.HAL_TIM_PWM_MspInit  stm32f4xx_hal_tim.o
    0x080023c6   0x080023c6   0x00000002   Code   RO         2393    i.HAL_TIM_PWM_PulseFinishedCallback  stm32f4xx_hal_tim.o
    0x080023c8   0x080023c8   0x000000ec   Code   RO         2395    i.HAL_TIM_PWM_Start  stm32f4xx_hal_tim.o
    0x080024b4   0x080024b4   0x0000009c   Code   RO         2398    i.HAL_TIM_PWM_Stop  stm32f4xx_hal_tim.o
    0x08002550   0x08002550   0x00000028   Code   RO         4596    i.HAL_TIM_PeriodElapsedCallback  task.o
    0x08002578   0x08002578   0x00000002   Code   RO         2406    i.HAL_TIM_TriggerCallback  stm32f4xx_hal_tim.o
    0x0800257a   0x0800257a   0x00000002   Code   RO         3309    i.HAL_UARTEx_RxEventCallback  stm32f4xx_hal_uart.o
    0x0800257c   0x0800257c   0x00000024   Code   RO         4697    i.HAL_UART_ErrorCallback  bluetooth.o
    0x080025a0   0x080025a0   0x000002e8   Code   RO         3326    i.HAL_UART_IRQHandler  stm32f4xx_hal_uart.o
    0x08002888   0x08002888   0x00000076   Code   RO         3327    i.HAL_UART_Init     stm32f4xx_hal_uart.o
    0x080028fe   0x080028fe   0x00000002   PAD
    0x08002900   0x08002900   0x0000011c   Code   RO          374    i.HAL_UART_MspInit  usart.o
    0x08002a1c   0x08002a1c   0x0000002c   Code   RO         3332    i.HAL_UART_Receive_IT  stm32f4xx_hal_uart.o
    0x08002a48   0x08002a48   0x000000f8   Code   RO         4698    i.HAL_UART_RxCpltCallback  bluetooth.o
    0x08002b40   0x08002b40   0x000000be   Code   RO         3335    i.HAL_UART_Transmit  stm32f4xx_hal_uart.o
    0x08002bfe   0x08002bfe   0x00000002   Code   RO         3338    i.HAL_UART_TxCpltCallback  stm32f4xx_hal_uart.o
    0x08002c00   0x08002c00   0x00000004   Code   RO          419    i.HardFault_Handler  stm32f4xx_it.o
    0x08002c04   0x08002c04   0x0000000e   Code   RO         3863    i.I2C_Delay         mpuiic.o
    0x08002c12   0x08002c12   0x00000002   PAD
    0x08002c14   0x08002c14   0x00000030   Code   RO         3864    i.I2C_End           mpuiic.o
    0x08002c44   0x08002c44   0x00000058   Code   RO         3865    i.I2C_ReadByte      mpuiic.o
    0x08002c9c   0x08002c9c   0x00000058   Code   RO         3866    i.I2C_SendByte      mpuiic.o
    0x08002cf4   0x08002cf4   0x00000038   Code   RO         3867    i.I2C_Start         mpuiic.o
    0x08002d2c   0x08002d2c   0x0000003c   Code   RO         3868    i.IIC_Get_ACK       mpuiic.o
    0x08002d68   0x08002d68   0x00000040   Code   RO         3869    i.IIC_Send_ACK      mpuiic.o
    0x08002da8   0x08002da8   0x0000001e   Code   RO         4501    i.Limit             motor.o
    0x08002dc6   0x08002dc6   0x0000006a   Code   RO         3790    i.MPU_Init          mpu6050.o
    0x08002e30   0x08002e30   0x0000002e   Code   RO         3870    i.MPU_Read_Byte     mpuiic.o
    0x08002e5e   0x08002e5e   0x0000005e   Code   RO         3871    i.MPU_Read_Len      mpuiic.o
    0x08002ebc   0x08002ebc   0x00000010   Code   RO         3791    i.MPU_Set_Accel_Fsr  mpu6050.o
    0x08002ecc   0x08002ecc   0x00000010   Code   RO         3792    i.MPU_Set_Gyro_Fsr  mpu6050.o
    0x08002edc   0x08002edc   0x0000003a   Code   RO         3793    i.MPU_Set_LPF       mpu6050.o
    0x08002f16   0x08002f16   0x0000003a   Code   RO         3794    i.MPU_Set_Rate      mpu6050.o
    0x08002f50   0x08002f50   0x00000024   Code   RO         3872    i.MPU_Write_Byte    mpuiic.o
    0x08002f74   0x08002f74   0x00000040   Code   RO         3873    i.MPU_Write_Len     mpuiic.o
    0x08002fb4   0x08002fb4   0x00000048   Code   RO          235    i.MX_DMA_Init       dma.o
    0x08002ffc   0x08002ffc   0x000000ec   Code   RO          211    i.MX_GPIO_Init      gpio.o
    0x080030e8   0x080030e8   0x0000003c   Code   RO          261    i.MX_I2C2_Init      i2c.o
    0x08003124   0x08003124   0x000000a4   Code   RO          304    i.MX_TIM2_Init      tim.o
    0x080031c8   0x080031c8   0x00000070   Code   RO          305    i.MX_TIM3_Init      tim.o
    0x08003238   0x08003238   0x000000a8   Code   RO          306    i.MX_TIM4_Init      tim.o
    0x080032e0   0x080032e0   0x00000070   Code   RO          307    i.MX_TIM5_Init      tim.o
    0x08003350   0x08003350   0x00000050   Code   RO          308    i.MX_TIM9_Init      tim.o
    0x080033a0   0x080033a0   0x00000038   Code   RO          375    i.MX_USART1_UART_Init  usart.o
    0x080033d8   0x080033d8   0x00000004   Code   RO          420    i.MemManage_Handler  stm32f4xx_it.o
    0x080033dc   0x080033dc   0x00000004   Code   RO          421    i.NMI_Handler       stm32f4xx_it.o
    0x080033e0   0x080033e0   0x00000002   Code   RO          422    i.PendSV_Handler    stm32f4xx_it.o
    0x080033e2   0x080033e2   0x00000002   Code   RO          423    i.SVC_Handler       stm32f4xx_it.o
    0x080033e4   0x080033e4   0x0000000c   Code   RO         4658    i.SetLightness      light.o
    0x080033f0   0x080033f0   0x0000003c   Code   RO         4502    i.Setspeed          motor.o
    0x0800342c   0x0800342c   0x00000008   Code   RO          424    i.SysTick_Handler   stm32f4xx_it.o
    0x08003434   0x08003434   0x000000b4   Code   RO           14    i.SystemClock_Config  main.o
    0x080034e8   0x080034e8   0x00000014   Code   RO         3671    i.SystemInit        system_stm32f4xx.o
    0x080034fc   0x080034fc   0x00000010   Code   RO          425    i.TIM2_IRQHandler   stm32f4xx_it.o
    0x0800350c   0x0800350c   0x00000010   Code   RO          426    i.TIM3_IRQHandler   stm32f4xx_it.o
    0x0800351c   0x0800351c   0x000000b4   Code   RO         2408    i.TIM_Base_SetConfig  stm32f4xx_hal_tim.o
    0x080035d0   0x080035d0   0x00000022   Code   RO         2409    i.TIM_CCxChannelCmd  stm32f4xx_hal_tim.o
    0x080035f2   0x080035f2   0x00000016   Code   RO         2419    i.TIM_ETR_SetConfig  stm32f4xx_hal_tim.o
    0x08003608   0x08003608   0x00000012   Code   RO         2420    i.TIM_ITRx_SetConfig  stm32f4xx_hal_tim.o
    0x0800361a   0x0800361a   0x00000002   PAD
    0x0800361c   0x0800361c   0x00000060   Code   RO         2421    i.TIM_OC1_SetConfig  stm32f4xx_hal_tim.o
    0x0800367c   0x0800367c   0x00000068   Code   RO         2422    i.TIM_OC2_SetConfig  stm32f4xx_hal_tim.o
    0x080036e4   0x080036e4   0x00000068   Code   RO         2423    i.TIM_OC3_SetConfig  stm32f4xx_hal_tim.o
    0x0800374c   0x0800374c   0x00000048   Code   RO         2424    i.TIM_OC4_SetConfig  stm32f4xx_hal_tim.o
    0x08003794   0x08003794   0x00000026   Code   RO         2426    i.TIM_TI1_ConfigInputStage  stm32f4xx_hal_tim.o
    0x080037ba   0x080037ba   0x00000028   Code   RO         2428    i.TIM_TI2_ConfigInputStage  stm32f4xx_hal_tim.o
    0x080037e2   0x080037e2   0x00000014   Code   RO         3340    i.UART_DMAAbortOnError  stm32f4xx_hal_uart.o
    0x080037f6   0x080037f6   0x0000006c   Code   RO         3350    i.UART_EndRxTransfer  stm32f4xx_hal_uart.o
    0x08003862   0x08003862   0x00000020   Code   RO         3351    i.UART_EndTransmit_IT  stm32f4xx_hal_uart.o
    0x08003882   0x08003882   0x000000fc   Code   RO         3353    i.UART_Receive_IT   stm32f4xx_hal_uart.o
    0x0800397e   0x0800397e   0x00000002   PAD
    0x08003980   0x08003980   0x0000022c   Code   RO         3354    i.UART_SetConfig    stm32f4xx_hal_uart.o
    0x08003bac   0x08003bac   0x00000040   Code   RO         3356    i.UART_Start_Receive_IT  stm32f4xx_hal_uart.o
    0x08003bec   0x08003bec   0x00000060   Code   RO         3357    i.UART_Transmit_IT  stm32f4xx_hal_uart.o
    0x08003c4c   0x08003c4c   0x0000008c   Code   RO         3358    i.UART_WaitOnFlagUntilTimeout  stm32f4xx_hal_uart.o
    0x08003cd8   0x08003cd8   0x00000010   Code   RO          427    i.USART1_IRQHandler  stm32f4xx_it.o
    0x08003ce8   0x08003ce8   0x00000004   Code   RO          428    i.UsageFault_Handler  stm32f4xx_it.o
    0x08003cec   0x08003cec   0x00000020   Code   RO         5039    i.__0printf         mc_w.l(printfa.o)
    0x08003d0c   0x08003d0c   0x00000030   Code   RO         5121    i.__ARM_fpclassify  m_wm.l(fpclassify.o)
    0x08003d3c   0x08003d3c   0x00000010   Code   RO         1918    i.__NVIC_GetPriorityGrouping  stm32f4xx_hal_cortex.o
    0x08003d4c   0x08003d4c   0x00000028   Code   RO         1919    i.__NVIC_SetPriority  stm32f4xx_hal_cortex.o
    0x08003d74   0x08003d74   0x00000004   PAD
    0x08003d78   0x08003d78   0x00000360   Code   RO         4761    i.__hardfp_asin     m_wm.l(asin.o)
    0x080040d8   0x080040d8   0x000002d8   Code   RO         5087    i.__hardfp_atan     m_wm.l(atan.o)
    0x080043b0   0x080043b0   0x000001f0   Code   RO         4775    i.__hardfp_atan2    m_wm.l(atan2.o)
    0x080045a0   0x080045a0   0x000000f8   Code   RO         5123    i.__kernel_poly     m_wm.l(poly.o)
    0x08004698   0x08004698   0x00000014   Code   RO         5102    i.__mathlib_dbl_infnan  m_wm.l(dunder.o)
    0x080046ac   0x080046ac   0x00000014   Code   RO         5103    i.__mathlib_dbl_infnan2  m_wm.l(dunder.o)
    0x080046c0   0x080046c0   0x00000020   Code   RO         5104    i.__mathlib_dbl_invalid  m_wm.l(dunder.o)
    0x080046e0   0x080046e0   0x00000020   Code   RO         5107    i.__mathlib_dbl_underflow  m_wm.l(dunder.o)
    0x08004700   0x08004700   0x0000000e   Code   RO         5202    i.__scatterload_copy  mc_w.l(handlers.o)
    0x0800470e   0x0800470e   0x00000002   Code   RO         5203    i.__scatterload_null  mc_w.l(handlers.o)
    0x08004710   0x08004710   0x0000000e   Code   RO         5204    i.__scatterload_zeroinit  mc_w.l(handlers.o)
    0x0800471e   0x0800471e   0x00000002   PAD
    0x08004720   0x08004720   0x0000000c   Code   RO         5163    i.__set_errno       mc_w.l(errno.o)
    0x0800472c   0x0800472c   0x00000184   Code   RO         5046    i._fp_digits        mc_w.l(printfa.o)
    0x080048b0   0x080048b0   0x000006dc   Code   RO         5047    i._printf_core      mc_w.l(printfa.o)
    0x08004f8c   0x08004f8c   0x00000024   Code   RO         5048    i._printf_post_padding  mc_w.l(printfa.o)
    0x08004fb0   0x08004fb0   0x0000002e   Code   RO         5049    i._printf_pre_padding  mc_w.l(printfa.o)
    0x08004fde   0x08004fde   0x00000002   PAD
    0x08004fe0   0x08004fe0   0x000000c0   Code   RO         3947    i.accel_self_test   inv_mpu.o
    0x080050a0   0x080050a0   0x00000010   Code   RO         5089    i.atan              m_wm.l(atan.o)
    0x080050b0   0x080050b0   0x00000064   Code   RO         4303    i.decode_gesture    inv_mpu_dmp_motion_driver.o
    0x08005114   0x08005114   0x0000003c   Code   RO         4304    i.dmp_enable_6x_lp_quat  inv_mpu_dmp_motion_driver.o
    0x08005150   0x08005150   0x0000021c   Code   RO         4305    i.dmp_enable_feature  inv_mpu_dmp_motion_driver.o
    0x0800536c   0x0800536c   0x00000058   Code   RO         4306    i.dmp_enable_gyro_cal  inv_mpu_dmp_motion_driver.o
    0x080053c4   0x080053c4   0x0000003c   Code   RO         4307    i.dmp_enable_lp_quat  inv_mpu_dmp_motion_driver.o
    0x08005400   0x08005400   0x00000018   Code   RO         4312    i.dmp_load_motion_driver_firmware  inv_mpu_dmp_motion_driver.o
    0x08005418   0x08005418   0x000001cc   Code   RO         4313    i.dmp_read_fifo     inv_mpu_dmp_motion_driver.o
    0x080055e4   0x080055e4   0x00000130   Code   RO         4316    i.dmp_set_accel_bias  inv_mpu_dmp_motion_driver.o
    0x08005714   0x08005714   0x00000070   Code   RO         4317    i.dmp_set_fifo_rate  inv_mpu_dmp_motion_driver.o
    0x08005784   0x08005784   0x00000130   Code   RO         4318    i.dmp_set_gyro_bias  inv_mpu_dmp_motion_driver.o
    0x080058b4   0x080058b4   0x00000138   Code   RO         4320    i.dmp_set_orientation  inv_mpu_dmp_motion_driver.o
    0x080059ec   0x080059ec   0x00000038   Code   RO         4323    i.dmp_set_shake_reject_thresh  inv_mpu_dmp_motion_driver.o
    0x08005a24   0x08005a24   0x00000026   Code   RO         4324    i.dmp_set_shake_reject_time  inv_mpu_dmp_motion_driver.o
    0x08005a4a   0x08005a4a   0x00000026   Code   RO         4325    i.dmp_set_shake_reject_timeout  inv_mpu_dmp_motion_driver.o
    0x08005a70   0x08005a70   0x00000046   Code   RO         4326    i.dmp_set_tap_axes  inv_mpu_dmp_motion_driver.o
    0x08005ab6   0x08005ab6   0x00000026   Code   RO         4327    i.dmp_set_tap_count  inv_mpu_dmp_motion_driver.o
    0x08005adc   0x08005adc   0x000001c0   Code   RO         4328    i.dmp_set_tap_thresh  inv_mpu_dmp_motion_driver.o
    0x08005c9c   0x08005c9c   0x00000026   Code   RO         4329    i.dmp_set_tap_time  inv_mpu_dmp_motion_driver.o
    0x08005cc2   0x08005cc2   0x00000026   Code   RO         4330    i.dmp_set_tap_time_multi  inv_mpu_dmp_motion_driver.o
    0x08005ce8   0x08005ce8   0x00000018   Code   RO         5117    i.fabs              m_wm.l(fabs.o)
    0x08005d00   0x08005d00   0x0000001c   Code   RO         3708    i.fputc             print.o
    0x08005d1c   0x08005d1c   0x000000d0   Code   RO         3948    i.get_accel_prod_shift  inv_mpu.o
    0x08005dec   0x08005dec   0x00000470   Code   RO         3949    i.get_st_biases     inv_mpu.o
    0x0800625c   0x0800625c   0x0000011c   Code   RO         3950    i.gyro_self_test    inv_mpu.o
    0x08006378   0x08006378   0x00000028   Code   RO         3951    i.inv_orientation_matrix_to_scalar  inv_mpu.o
    0x080063a0   0x080063a0   0x0000004e   Code   RO         3952    i.inv_row_2_scale   inv_mpu.o
    0x080063ee   0x080063ee   0x00000002   PAD
    0x080063f0   0x080063f0   0x000000d0   Code   RO         4569    i.key_scan          keyboard.o
    0x080064c0   0x080064c0   0x00000104   Code   RO           15    i.main              main.o
    0x080065c4   0x080065c4   0x00000002   Code   RO         3953    i.mget_ms           inv_mpu.o
    0x080065c6   0x080065c6   0x00000002   PAD
    0x080065c8   0x080065c8   0x00000070   Code   RO         3954    i.mpu_configure_fifo  inv_mpu.o
    0x08006638   0x08006638   0x00000218   Code   RO         3955    i.mpu_dmp_get_data  inv_mpu.o
    0x08006850   0x08006850   0x00000094   Code   RO         3956    i.mpu_dmp_init      inv_mpu.o
    0x080068e4   0x080068e4   0x0000004c   Code   RO         3957    i.mpu_get_accel_fsr  inv_mpu.o
    0x08006930   0x08006930   0x00000054   Code   RO         3959    i.mpu_get_accel_sens  inv_mpu.o
    0x08006984   0x08006984   0x00000010   Code   RO         3964    i.mpu_get_fifo_config  inv_mpu.o
    0x08006994   0x08006994   0x00000044   Code   RO         3965    i.mpu_get_gyro_fsr  inv_mpu.o
    0x080069d8   0x080069d8   0x00000060   Code   RO         3967    i.mpu_get_gyro_sens  inv_mpu.o
    0x08006a38   0x08006a38   0x00000050   Code   RO         3969    i.mpu_get_lpf       inv_mpu.o
    0x08006a88   0x08006a88   0x00000020   Code   RO         3971    i.mpu_get_sample_rate  inv_mpu.o
    0x08006aa8   0x08006aa8   0x000001c4   Code   RO         3973    i.mpu_init          inv_mpu.o
    0x08006c6c   0x08006c6c   0x000000b8   Code   RO         3974    i.mpu_load_firmware  inv_mpu.o
    0x08006d24   0x08006d24   0x000000e0   Code   RO         3975    i.mpu_lp_accel_mode  inv_mpu.o
    0x08006e04   0x08006e04   0x000000c0   Code   RO         3978    i.mpu_read_fifo_stream  inv_mpu.o
    0x08006ec4   0x08006ec4   0x00000080   Code   RO         3979    i.mpu_read_mem      inv_mpu.o
    0x08006f44   0x08006f44   0x000001c8   Code   RO         3982    i.mpu_reset_fifo    inv_mpu.o
    0x0800710c   0x0800710c   0x0000011c   Code   RO         3983    i.mpu_run_self_test  inv_mpu.o
    0x08007228   0x08007228   0x00000084   Code   RO         3985    i.mpu_set_accel_fsr  inv_mpu.o
    0x080072ac   0x080072ac   0x0000014c   Code   RO         3986    i.mpu_set_bypass    inv_mpu.o
    0x080073f8   0x080073f8   0x00000090   Code   RO         3988    i.mpu_set_dmp_state  inv_mpu.o
    0x08007488   0x08007488   0x00000088   Code   RO         3989    i.mpu_set_gyro_fsr  inv_mpu.o
    0x08007510   0x08007510   0x0000006c   Code   RO         3990    i.mpu_set_int_latched  inv_mpu.o
    0x0800757c   0x0800757c   0x00000084   Code   RO         3992    i.mpu_set_lpf       inv_mpu.o
    0x08007600   0x08007600   0x0000009c   Code   RO         3993    i.mpu_set_sample_rate  inv_mpu.o
    0x0800769c   0x0800769c   0x000000d0   Code   RO         3994    i.mpu_set_sensors   inv_mpu.o
    0x0800776c   0x0800776c   0x00000080   Code   RO         3995    i.mpu_write_mem     inv_mpu.o
    0x080077ec   0x080077ec   0x0000009a   Code   RO         3996    i.run_self_test     inv_mpu.o
    0x08007886   0x08007886   0x00000002   PAD
    0x08007888   0x08007888   0x00000090   Code   RO         3997    i.set_int_enable    inv_mpu.o
    0x08007918   0x08007918   0x0000006e   Code   RO         5128    i.sqrt              m_wm.l(sqrt.o)
    0x08007986   0x08007986   0x00000002   PAD
    0x08007988   0x08007988   0x00000090   Code   RO         4597    i.task1             task.o
    0x08007a18   0x08007a18   0x00000088   Code   RO         4598    i.task2             task.o
    0x08007aa0   0x08007aa0   0x0000004c   Code   RO         4599    i.task3             task.o
    0x08007aec   0x08007aec   0x00000002   Code   RO         4600    i.task4             task.o
    0x08007aee   0x08007aee   0x00000002   Code   RO         4601    i.task5             task.o
    0x08007af0   0x08007af0   0x00000008   Data   RO         1608    .constdata          stm32f4xx_hal_dma.o
    0x08007af8   0x08007af8   0x00000018   Data   RO         3672    .constdata          system_stm32f4xx.o
    0x08007b10   0x08007b10   0x00000050   Data   RO         3999    .constdata          inv_mpu.o
    0x08007b60   0x08007b60   0x00000bf6   Data   RO         4332    .constdata          inv_mpu_dmp_motion_driver.o
    0x08008756   0x08008756   0x00000002   PAD
    0x08008758   0x08008758   0x00000050   Data   RO         4764    .constdata          m_wm.l(asin.o)
    0x080087a8   0x080087a8   0x00000098   Data   RO         5090    .constdata          m_wm.l(atan.o)
    0x08008840   0x08008840   0x00000008   Data   RO         5125    .constdata          m_wm.l(qnan.o)
    0x08008848   0x08008848   0x0000004d   Data   RO         4000    .conststring        inv_mpu.o
    0x08008895   0x08008895   0x00000003   PAD
    0x08008898   0x08008898   0x00000020   Data   RO         5200    Region$$Table       anon$$obj.o


    Execution Region RW_IRAM1 (Exec base: 0x20000000, Load base: 0x080088b8, Size: 0x000007b0, Max: 0x00010000, ABSOLUTE)

    Exec Addr    Load Addr    Size         Type   Attr      Idx    E Section Name        Object

    0x20000000   0x080088b8   0x00000009   Data   RW         2082    .data               stm32f4xx_hal.o
    0x20000009   0x080088c1   0x00000003   PAD
    0x2000000c   0x080088c4   0x00000004   Data   RW         3673    .data               system_stm32f4xx.o
    0x20000010   0x080088c8   0x00000035   Data   RW         4001    .data               inv_mpu.o
    0x20000045   0x080088fd   0x00000003   PAD
    0x20000048   0x08008900   0x00000030   Data   RW         4542    .data               pid.o
    0x20000078   0x08008930   0x00000004   Data   RW         4570    .data               keyboard.o
    0x2000007c   0x08008934   0x00000019   Data   RW         4602    .data               task.o
    0x20000095   0x0800894d   0x00000003   PAD
    0x20000098   0x08008950   0x00000004   Data   RW         4659    .data               light.o
    0x2000009c   0x08008954   0x0000000a   Data   RW         4700    .data               bluetooth.o
    0x200000a6   0x0800895e   0x00000002   PAD
    0x200000a8   0x08008960   0x00000004   Data   RW         5152    .data               mc_w.l(stdout.o)
    0x200000ac   0x08008964   0x00000004   Data   RW         5164    .data               mc_w.l(errno.o)
    0x200000b0        -       0x00000054   Zero   RW          262    .bss                i2c.o
    0x20000104        -       0x00000168   Zero   RW          309    .bss                tim.o
    0x2000026c        -       0x00000108   Zero   RW          376    .bss                usart.o
    0x20000374        -       0x00000010   Zero   RW         4331    .bss                inv_mpu_dmp_motion_driver.o
    0x20000384        -       0x00000028   Zero   RW         4699    .bss                bluetooth.o
    0x200003ac   0x08008968   0x00000004   PAD
    0x200003b0        -       0x00000400   Zero   RW            1    STACK               startup_stm32f401xc.o


==============================================================================

Image component sizes


      Code (inc. data)   RO Data    RW Data    ZI Data      Debug   Object Name

       284         38          0         10         40       1946   bluetooth.o
        72          4          0          0          0        746   dma.o
       236         14          0          0          0        955   gpio.o
       224         26          0          0         84       1629   i2c.o
      6882        280        157         53          0      31260   inv_mpu.o
      3128        138       3062          0         16      20686   inv_mpu_dmp_motion_driver.o
       208         10          0          4          0        745   keyboard.o
        12          4          0          4          0        663   light.o
       446         58          0          0          0     428200   main.o
        90          8          0          0          0       1289   motor.o
       254          0          0          0          0       2803   mpu6050.o
       658         30          0          0          0       6669   mpuiic.o
         0          0          0         48          0        644   pid.o
        28          6          0          0          0        520   print.o
        36          8        404          0       1024        824   startup_stm32f401xc.o
       212         36          0          9          0       9149   stm32f4xx_hal.o
       312         22          0          0          0      34239   stm32f4xx_hal_cortex.o
      1246         16          8          0          0       5275   stm32f4xx_hal_dma.o
       484         32          0          0          0       2707   stm32f4xx_hal_gpio.o
       464         18          0          0          0       2119   stm32f4xx_hal_i2c.o
        72          4          0          0          0        834   stm32f4xx_hal_msp.o
      1820         84          0          0          0       5516   stm32f4xx_hal_rcc.o
      2532        120          0          0          0      18224   stm32f4xx_hal_tim.o
       160         22          0          0          0       2461   stm32f4xx_hal_tim_ex.o
      2368         14          0          0          0      11731   stm32f4xx_hal_uart.o
       114         30          0          0          0       6522   stm32f4xx_it.o
        20          6         24          4          0       1091   system_stm32f4xx.o
       400         74          0         25          0       3826   task.o
      1072         80          0          0        360       5192   tim.o
       340         34          0          0        264       1828   usart.o

    ----------------------------------------------------------------------
     24198       1220       3692        168       1792     610293   Object Totals
         0          0         32          0          0          0   (incl. Generated)
        24          4          5         11          4          0   (incl. Padding)

    ----------------------------------------------------------------------

      Code (inc. data)   RO Data    RW Data    ZI Data      Debug   Library Member Name

       864         94         80          0          0        280   asin.o
       744        106        152          0          0        352   atan.o
       496         64          0          0          0        192   atan2.o
       104         16          0          0          0        496   dunder.o
        24          0          0          0          0        124   fabs.o
        48          0          0          0          0        124   fpclassify.o
       248          0          0          0          0        152   poly.o
         0          0          8          0          0          0   qnan.o
       110          0          0          0          0        148   sqrt.o
         0          0          0          0          0          0   entry.o
         0          0          0          0          0          0   entry10a.o
         0          0          0          0          0          0   entry11a.o
         8          4          0          0          0          0   entry2.o
         4          0          0          0          0          0   entry5.o
         0          0          0          0          0          0   entry7b.o
         0          0          0          0          0          0   entry8b.o
         8          4          0          0          0          0   entry9a.o
        12          6          0          4          0         68   errno.o
        30          0          0          0          0          0   handlers.o
        36          8          0          0          0         68   init.o
         0          0          0          0          0          0   iusefp.o
        98          0          0          0          0         84   ldiv.o
        30          0          0          0          0         68   llshl.o
        36          0          0          0          0         68   llsshr.o
        32          0          0          0          0         68   llushr.o
        26          0          0          0          0         80   memcmp.o
        36          0          0          0          0         68   memcpya.o
        36          0          0          0          0        108   memseta.o
      2258         90          0          0          0        452   printfa.o
         0          0          0          4          0          0   stdout.o
        44          0          0          0          0         80   uidiv.o
        98          0          0          0          0         92   uldiv.o
        48          0          0          0          0         68   cdrcmple.o
        56          0          0          0          0         88   d2f.o
       334          0          0          0          0        148   dadd.o
       222          0          0          0          0        100   ddiv.o
       186          0          0          0          0        176   depilogue.o
        48          0          0          0          0         68   dfixul.o
       228          0          0          0          0         96   dmul.o
       162          0          0          0          0        100   dsqrt.o
        38          0          0          0          0         68   f2d.o
       110          0          0          0          0        168   fepilogue.o

    ----------------------------------------------------------------------
      6870        392        240          8          0       4252   Library Totals
         8          0          0          0          0          0   (incl. Padding)

    ----------------------------------------------------------------------

      Code (inc. data)   RO Data    RW Data    ZI Data      Debug   Library Name

      2638        280        240          0          0       1868   m_wm.l
      2792        112          0          8          0       1304   mc_w.l
      1432          0          0          0          0       1080   mf_w.l

    ----------------------------------------------------------------------
      6870        392        240          8          0       4252   Library Totals

    ----------------------------------------------------------------------

==============================================================================


      Code (inc. data)   RO Data    RW Data    ZI Data      Debug   

     31068       1612       3932        176       1792     594753   Grand Totals
     31068       1612       3932        176       1792     594753   ELF Image Totals
     31068       1612       3932        176          0          0   ROM Totals

==============================================================================

    Total RO  Size (Code + RO Data)                35000 (  34.18kB)
    Total RW  Size (RW Data + ZI Data)              1968 (   1.92kB)
    Total ROM Size (Code + RO Data + RW Data)      35176 (  34.35kB)

==============================================================================

